running egg_info
writing build/app_tiago/app_tiago.egg-info/PKG-INFO
writing dependency_links to build/app_tiago/app_tiago.egg-info/dependency_links.txt
writing entry points to build/app_tiago/app_tiago.egg-info/entry_points.txt
writing requirements to build/app_tiago/app_tiago.egg-info/requires.txt
writing top-level names to build/app_tiago/app_tiago.egg-info/top_level.txt
reading manifest file 'build/app_tiago/app_tiago.egg-info/SOURCES.txt'
adding license file 'LICENSE'
writing manifest file 'build/app_tiago/app_tiago.egg-info/SOURCES.txt'
running build
running build_py
running install
running install_lib
running install_data
running install_egg_info
removing '/home/user/backend_app_tiago/src/app_tiago/install/app_tiago/lib/python3.10/site-packages/app_tiago-0.0.0-py3.10.egg-info' (and everything under it)
Copying build/app_tiago/app_tiago.egg-info to /home/user/backend_app_tiago/src/app_tiago/install/app_tiago/lib/python3.10/site-packages/app_tiago-0.0.0-py3.10.egg-info
running install_scripts
Installing server_node script to /home/user/backend_app_tiago/src/app_tiago/install/app_tiago/lib/app_tiago
writing list of installed files to '/home/user/backend_app_tiago/src/app_tiago/build/app_tiago/install.log'
