[0.772s] Invoking command in '/home/user/backend_app_tiago/src/app_tiago': PYTHONPATH=/home/user/backend_app_tiago/src/app_tiago/build/app_tiago/prefix_override:/usr/lib/python3/dist-packages/colcon_core/task/python/colcon_distutils_commands:/home/user/backend_app_tiago/src/app_tiago/install/app_tiago/lib/python3.10/site-packages:${PYTHONPATH} /usr/bin/python3 -W ignore:setup.py install is deprecated -W ignore:easy_install command is deprecated setup.py egg_info --egg-base build/app_tiago build --build-base /home/user/backend_app_tiago/src/app_tiago/build/app_tiago/build install --record /home/user/backend_app_tiago/src/app_tiago/build/app_tiago/install.log --single-version-externally-managed install_data
[1.030s] running egg_info
[1.031s] writing build/app_tiago/app_tiago.egg-info/PKG-INFO
[1.031s] writing dependency_links to build/app_tiago/app_tiago.egg-info/dependency_links.txt
[1.031s] writing entry points to build/app_tiago/app_tiago.egg-info/entry_points.txt
[1.031s] writing requirements to build/app_tiago/app_tiago.egg-info/requires.txt
[1.032s] writing top-level names to build/app_tiago/app_tiago.egg-info/top_level.txt
[1.034s] reading manifest file 'build/app_tiago/app_tiago.egg-info/SOURCES.txt'
[1.034s] adding license file 'LICENSE'
[1.035s] writing manifest file 'build/app_tiago/app_tiago.egg-info/SOURCES.txt'
[1.035s] running build
[1.035s] running build_py
[1.037s] running install
[1.037s] running install_lib
[1.039s] running install_data
[1.039s] running install_egg_info
[1.041s] removing '/home/user/backend_app_tiago/src/app_tiago/install/app_tiago/lib/python3.10/site-packages/app_tiago-0.0.0-py3.10.egg-info' (and everything under it)
[1.042s] Copying build/app_tiago/app_tiago.egg-info to /home/user/backend_app_tiago/src/app_tiago/install/app_tiago/lib/python3.10/site-packages/app_tiago-0.0.0-py3.10.egg-info
[1.043s] running install_scripts
[1.064s] Installing server_node script to /home/user/backend_app_tiago/src/app_tiago/install/app_tiago/lib/app_tiago
[1.065s] writing list of installed files to '/home/user/backend_app_tiago/src/app_tiago/build/app_tiago/install.log'
[1.087s] Invoked command in '/home/user/backend_app_tiago/src/app_tiago' returned '0': PYTHONPATH=/home/user/backend_app_tiago/src/app_tiago/build/app_tiago/prefix_override:/usr/lib/python3/dist-packages/colcon_core/task/python/colcon_distutils_commands:/home/user/backend_app_tiago/src/app_tiago/install/app_tiago/lib/python3.10/site-packages:${PYTHONPATH} /usr/bin/python3 -W ignore:setup.py install is deprecated -W ignore:easy_install command is deprecated setup.py egg_info --egg-base build/app_tiago build --build-base /home/user/backend_app_tiago/src/app_tiago/build/app_tiago/build install --record /home/user/backend_app_tiago/src/app_tiago/build/app_tiago/install.log --single-version-externally-managed install_data
