[0.337s] Invoking command in '/home/user/backend_tiago_github/src/app_tiago': PYTHONPATH=/home/user/backend_tiago_github/src/build/app_tiago/prefix_override:/usr/lib/python3/dist-packages/colcon_core/task/python/colcon_distutils_commands:/home/user/backend_tiago_github/src/install/app_tiago/lib/python3.10/site-packages:${PYTHONPATH} /usr/bin/python3 -W ignore:setup.py install is deprecated -W ignore:easy_install command is deprecated setup.py egg_info --egg-base ../build/app_tiago build --build-base /home/user/backend_tiago_github/src/build/app_tiago/build install --record /home/user/backend_tiago_github/src/build/app_tiago/install.log --single-version-externally-managed install_data
[0.465s] running egg_info
[0.465s] creating ../build/app_tiago/app_tiago.egg-info
[0.466s] writing ../build/app_tiago/app_tiago.egg-info/PKG-INFO
[0.466s] writing dependency_links to ../build/app_tiago/app_tiago.egg-info/dependency_links.txt
[0.466s] writing entry points to ../build/app_tiago/app_tiago.egg-info/entry_points.txt
[0.466s] writing requirements to ../build/app_tiago/app_tiago.egg-info/requires.txt
[0.466s] writing top-level names to ../build/app_tiago/app_tiago.egg-info/top_level.txt
[0.466s] writing manifest file '../build/app_tiago/app_tiago.egg-info/SOURCES.txt'
[0.467s] reading manifest file '../build/app_tiago/app_tiago.egg-info/SOURCES.txt'
[0.467s] adding license file 'LICENSE'
[0.467s] writing manifest file '../build/app_tiago/app_tiago.egg-info/SOURCES.txt'
[0.467s] running build
[0.467s] running build_py
[0.467s] creating /home/user/backend_tiago_github/src/build/app_tiago/build
[0.467s] creating /home/user/backend_tiago_github/src/build/app_tiago/build/lib
[0.467s] creating /home/user/backend_tiago_github/src/build/app_tiago/build/lib/app_tiago
[0.467s] copying app_tiago/__init__.py -> /home/user/backend_tiago_github/src/build/app_tiago/build/lib/app_tiago
[0.468s] copying app_tiago/main.py -> /home/user/backend_tiago_github/src/build/app_tiago/build/lib/app_tiago
[0.468s] creating /home/user/backend_tiago_github/src/build/app_tiago/build/lib/app_tiago/protocol
[0.468s] copying app_tiago/protocol/__init__.py -> /home/user/backend_tiago_github/src/build/app_tiago/build/lib/app_tiago/protocol
[0.468s] copying app_tiago/protocol/json_translator.py -> /home/user/backend_tiago_github/src/build/app_tiago/build/lib/app_tiago/protocol
[0.468s] copying app_tiago/protocol/models.py -> /home/user/backend_tiago_github/src/build/app_tiago/build/lib/app_tiago/protocol
[0.468s] copying app_tiago/protocol/validator.py -> /home/user/backend_tiago_github/src/build/app_tiago/build/lib/app_tiago/protocol
[0.468s] creating /home/user/backend_tiago_github/src/build/app_tiago/build/lib/app_tiago/ros
[0.468s] copying app_tiago/ros/ros2_node_gateway.py -> /home/user/backend_tiago_github/src/build/app_tiago/build/lib/app_tiago/ros
[0.468s] copying app_tiago/ros/__init__.py -> /home/user/backend_tiago_github/src/build/app_tiago/build/lib/app_tiago/ros
[0.468s] copying app_tiago/ros/ros2_core_node.py -> /home/user/backend_tiago_github/src/build/app_tiago/build/lib/app_tiago/ros
[0.468s] creating /home/user/backend_tiago_github/src/build/app_tiago/build/lib/app_tiago/utils
[0.468s] copying app_tiago/utils/__init__.py -> /home/user/backend_tiago_github/src/build/app_tiago/build/lib/app_tiago/utils
[0.468s] copying app_tiago/utils/constants.py -> /home/user/backend_tiago_github/src/build/app_tiago/build/lib/app_tiago/utils
[0.468s] creating /home/user/backend_tiago_github/src/build/app_tiago/build/lib/app_tiago/communication
[0.468s] copying app_tiago/communication/__init__.py -> /home/user/backend_tiago_github/src/build/app_tiago/build/lib/app_tiago/communication
[0.468s] copying app_tiago/communication/connection_manager.py -> /home/user/backend_tiago_github/src/build/app_tiago/build/lib/app_tiago/communication
[0.468s] copying app_tiago/communication/server.py -> /home/user/backend_tiago_github/src/build/app_tiago/build/lib/app_tiago/communication
[0.468s] creating /home/user/backend_tiago_github/src/build/app_tiago/build/lib/app_tiago/core
[0.468s] copying app_tiago/core/__init__.py -> /home/user/backend_tiago_github/src/build/app_tiago/build/lib/app_tiago/core
[0.468s] copying app_tiago/core/router.py -> /home/user/backend_tiago_github/src/build/app_tiago/build/lib/app_tiago/core
[0.468s] copying app_tiago/core/state_machine.py -> /home/user/backend_tiago_github/src/build/app_tiago/build/lib/app_tiago/core
[0.468s] copying app_tiago/protocol/json_schema.json -> /home/user/backend_tiago_github/src/build/app_tiago/build/lib/app_tiago/protocol
[0.469s] running install
[0.469s] running install_lib
[0.469s] creating /home/user/backend_tiago_github/src/install/app_tiago/lib/python3.10/site-packages/app_tiago
[0.469s] copying /home/user/backend_tiago_github/src/build/app_tiago/build/lib/app_tiago/__init__.py -> /home/user/backend_tiago_github/src/install/app_tiago/lib/python3.10/site-packages/app_tiago
[0.469s] creating /home/user/backend_tiago_github/src/install/app_tiago/lib/python3.10/site-packages/app_tiago/protocol
[0.469s] copying /home/user/backend_tiago_github/src/build/app_tiago/build/lib/app_tiago/protocol/__init__.py -> /home/user/backend_tiago_github/src/install/app_tiago/lib/python3.10/site-packages/app_tiago/protocol
[0.469s] copying /home/user/backend_tiago_github/src/build/app_tiago/build/lib/app_tiago/protocol/json_translator.py -> /home/user/backend_tiago_github/src/install/app_tiago/lib/python3.10/site-packages/app_tiago/protocol
[0.469s] copying /home/user/backend_tiago_github/src/build/app_tiago/build/lib/app_tiago/protocol/json_schema.json -> /home/user/backend_tiago_github/src/install/app_tiago/lib/python3.10/site-packages/app_tiago/protocol
[0.469s] copying /home/user/backend_tiago_github/src/build/app_tiago/build/lib/app_tiago/protocol/models.py -> /home/user/backend_tiago_github/src/install/app_tiago/lib/python3.10/site-packages/app_tiago/protocol
[0.469s] copying /home/user/backend_tiago_github/src/build/app_tiago/build/lib/app_tiago/protocol/validator.py -> /home/user/backend_tiago_github/src/install/app_tiago/lib/python3.10/site-packages/app_tiago/protocol
[0.469s] copying /home/user/backend_tiago_github/src/build/app_tiago/build/lib/app_tiago/main.py -> /home/user/backend_tiago_github/src/install/app_tiago/lib/python3.10/site-packages/app_tiago
[0.469s] creating /home/user/backend_tiago_github/src/install/app_tiago/lib/python3.10/site-packages/app_tiago/ros
[0.469s] copying /home/user/backend_tiago_github/src/build/app_tiago/build/lib/app_tiago/ros/ros2_node_gateway.py -> /home/user/backend_tiago_github/src/install/app_tiago/lib/python3.10/site-packages/app_tiago/ros
[0.469s] copying /home/user/backend_tiago_github/src/build/app_tiago/build/lib/app_tiago/ros/__init__.py -> /home/user/backend_tiago_github/src/install/app_tiago/lib/python3.10/site-packages/app_tiago/ros
[0.469s] copying /home/user/backend_tiago_github/src/build/app_tiago/build/lib/app_tiago/ros/ros2_core_node.py -> /home/user/backend_tiago_github/src/install/app_tiago/lib/python3.10/site-packages/app_tiago/ros
[0.470s] creating /home/user/backend_tiago_github/src/install/app_tiago/lib/python3.10/site-packages/app_tiago/utils
[0.470s] copying /home/user/backend_tiago_github/src/build/app_tiago/build/lib/app_tiago/utils/__init__.py -> /home/user/backend_tiago_github/src/install/app_tiago/lib/python3.10/site-packages/app_tiago/utils
[0.470s] copying /home/user/backend_tiago_github/src/build/app_tiago/build/lib/app_tiago/utils/constants.py -> /home/user/backend_tiago_github/src/install/app_tiago/lib/python3.10/site-packages/app_tiago/utils
[0.470s] creating /home/user/backend_tiago_github/src/install/app_tiago/lib/python3.10/site-packages/app_tiago/communication
[0.470s] copying /home/user/backend_tiago_github/src/build/app_tiago/build/lib/app_tiago/communication/__init__.py -> /home/user/backend_tiago_github/src/install/app_tiago/lib/python3.10/site-packages/app_tiago/communication
[0.470s] copying /home/user/backend_tiago_github/src/build/app_tiago/build/lib/app_tiago/communication/connection_manager.py -> /home/user/backend_tiago_github/src/install/app_tiago/lib/python3.10/site-packages/app_tiago/communication
[0.470s] copying /home/user/backend_tiago_github/src/build/app_tiago/build/lib/app_tiago/communication/server.py -> /home/user/backend_tiago_github/src/install/app_tiago/lib/python3.10/site-packages/app_tiago/communication
[0.470s] creating /home/user/backend_tiago_github/src/install/app_tiago/lib/python3.10/site-packages/app_tiago/core
[0.470s] copying /home/user/backend_tiago_github/src/build/app_tiago/build/lib/app_tiago/core/__init__.py -> /home/user/backend_tiago_github/src/install/app_tiago/lib/python3.10/site-packages/app_tiago/core
[0.470s] copying /home/user/backend_tiago_github/src/build/app_tiago/build/lib/app_tiago/core/router.py -> /home/user/backend_tiago_github/src/install/app_tiago/lib/python3.10/site-packages/app_tiago/core
[0.470s] copying /home/user/backend_tiago_github/src/build/app_tiago/build/lib/app_tiago/core/state_machine.py -> /home/user/backend_tiago_github/src/install/app_tiago/lib/python3.10/site-packages/app_tiago/core
[0.470s] byte-compiling /home/user/backend_tiago_github/src/install/app_tiago/lib/python3.10/site-packages/app_tiago/__init__.py to __init__.cpython-310.pyc
[0.470s] byte-compiling /home/user/backend_tiago_github/src/install/app_tiago/lib/python3.10/site-packages/app_tiago/protocol/__init__.py to __init__.cpython-310.pyc
[0.470s] byte-compiling /home/user/backend_tiago_github/src/install/app_tiago/lib/python3.10/site-packages/app_tiago/protocol/json_translator.py to json_translator.cpython-310.pyc
[0.471s] byte-compiling /home/user/backend_tiago_github/src/install/app_tiago/lib/python3.10/site-packages/app_tiago/protocol/models.py to models.cpython-310.pyc
[0.471s] byte-compiling /home/user/backend_tiago_github/src/install/app_tiago/lib/python3.10/site-packages/app_tiago/protocol/validator.py to validator.cpython-310.pyc
[0.471s] byte-compiling /home/user/backend_tiago_github/src/install/app_tiago/lib/python3.10/site-packages/app_tiago/main.py to main.cpython-310.pyc
[0.472s] byte-compiling /home/user/backend_tiago_github/src/install/app_tiago/lib/python3.10/site-packages/app_tiago/ros/ros2_node_gateway.py to ros2_node_gateway.cpython-310.pyc
[0.472s] byte-compiling /home/user/backend_tiago_github/src/install/app_tiago/lib/python3.10/site-packages/app_tiago/ros/__init__.py to __init__.cpython-310.pyc
[0.473s] byte-compiling /home/user/backend_tiago_github/src/install/app_tiago/lib/python3.10/site-packages/app_tiago/ros/ros2_core_node.py to ros2_core_node.cpython-310.pyc
[0.473s] byte-compiling /home/user/backend_tiago_github/src/install/app_tiago/lib/python3.10/site-packages/app_tiago/utils/__init__.py to __init__.cpython-310.pyc
[0.473s] byte-compiling /home/user/backend_tiago_github/src/install/app_tiago/lib/python3.10/site-packages/app_tiago/utils/constants.py to constants.cpython-310.pyc
[0.473s] byte-compiling /home/user/backend_tiago_github/src/install/app_tiago/lib/python3.10/site-packages/app_tiago/communication/__init__.py to __init__.cpython-310.pyc
[0.473s] byte-compiling /home/user/backend_tiago_github/src/install/app_tiago/lib/python3.10/site-packages/app_tiago/communication/connection_manager.py to connection_manager.cpython-310.pyc
[0.474s] byte-compiling /home/user/backend_tiago_github/src/install/app_tiago/lib/python3.10/site-packages/app_tiago/communication/server.py to server.cpython-310.pyc
[0.474s] byte-compiling /home/user/backend_tiago_github/src/install/app_tiago/lib/python3.10/site-packages/app_tiago/core/__init__.py to __init__.cpython-310.pyc
[0.474s] byte-compiling /home/user/backend_tiago_github/src/install/app_tiago/lib/python3.10/site-packages/app_tiago/core/router.py to router.cpython-310.pyc
[0.475s] byte-compiling /home/user/backend_tiago_github/src/install/app_tiago/lib/python3.10/site-packages/app_tiago/core/state_machine.py to state_machine.cpython-310.pyc
[0.475s] running install_data
[0.476s] creating /home/user/backend_tiago_github/src/install/app_tiago/share/ament_index
[0.476s] creating /home/user/backend_tiago_github/src/install/app_tiago/share/ament_index/resource_index
[0.476s] creating /home/user/backend_tiago_github/src/install/app_tiago/share/ament_index/resource_index/packages
[0.476s] copying resource/app_tiago -> /home/user/backend_tiago_github/src/install/app_tiago/share/ament_index/resource_index/packages
[0.476s] copying package.xml -> /home/user/backend_tiago_github/src/install/app_tiago/share/app_tiago
[0.476s] creating /home/user/backend_tiago_github/src/install/app_tiago/share/app_tiago/launch
[0.476s] copying launch/backend.launch.py -> /home/user/backend_tiago_github/src/install/app_tiago/share/app_tiago/launch
[0.476s] running install_egg_info
[0.477s] Copying ../build/app_tiago/app_tiago.egg-info to /home/user/backend_tiago_github/src/install/app_tiago/lib/python3.10/site-packages/app_tiago-0.0.0-py3.10.egg-info
[0.477s] running install_scripts
[0.486s] Installing server_node script to /home/user/backend_tiago_github/src/install/app_tiago/lib/app_tiago
[0.487s] writing list of installed files to '/home/user/backend_tiago_github/src/build/app_tiago/install.log'
[0.497s] Invoked command in '/home/user/backend_tiago_github/src/app_tiago' returned '0': PYTHONPATH=/home/user/backend_tiago_github/src/build/app_tiago/prefix_override:/usr/lib/python3/dist-packages/colcon_core/task/python/colcon_distutils_commands:/home/user/backend_tiago_github/src/install/app_tiago/lib/python3.10/site-packages:${PYTHONPATH} /usr/bin/python3 -W ignore:setup.py install is deprecated -W ignore:easy_install command is deprecated setup.py egg_info --egg-base ../build/app_tiago build --build-base /home/user/backend_tiago_github/src/build/app_tiago/build install --record /home/user/backend_tiago_github/src/build/app_tiago/install.log --single-version-externally-managed install_data
