/home/user/backend_app_tiago/src/app_tiago/install/app_tiago/lib/python3.10/site-packages/app_tiago/main.py
/home/user/backend_app_tiago/src/app_tiago/install/app_tiago/lib/python3.10/site-packages/app_tiago/__init__.py
/home/user/backend_app_tiago/src/app_tiago/install/app_tiago/lib/python3.10/site-packages/app_tiago/utils/constants.py
/home/user/backend_app_tiago/src/app_tiago/install/app_tiago/lib/python3.10/site-packages/app_tiago/utils/__init__.py
/home/user/backend_app_tiago/src/app_tiago/install/app_tiago/lib/python3.10/site-packages/app_tiago/core/__init__.py
/home/user/backend_app_tiago/src/app_tiago/install/app_tiago/lib/python3.10/site-packages/app_tiago/core/router.py
/home/user/backend_app_tiago/src/app_tiago/install/app_tiago/lib/python3.10/site-packages/app_tiago/core/state_machine.py
/home/user/backend_app_tiago/src/app_tiago/install/app_tiago/lib/python3.10/site-packages/app_tiago/ros/__init__.py
/home/user/backend_app_tiago/src/app_tiago/install/app_tiago/lib/python3.10/site-packages/app_tiago/ros/ros2_node_gateway.py
/home/user/backend_app_tiago/src/app_tiago/install/app_tiago/lib/python3.10/site-packages/app_tiago/ros/ros2_core_node.py
/home/user/backend_app_tiago/src/app_tiago/install/app_tiago/lib/python3.10/site-packages/app_tiago/communication/server.py
/home/user/backend_app_tiago/src/app_tiago/install/app_tiago/lib/python3.10/site-packages/app_tiago/communication/__init__.py
/home/user/backend_app_tiago/src/app_tiago/install/app_tiago/lib/python3.10/site-packages/app_tiago/communication/connection_manager.py
/home/user/backend_app_tiago/src/app_tiago/install/app_tiago/lib/python3.10/site-packages/app_tiago/protocol/__init__.py
/home/user/backend_app_tiago/src/app_tiago/install/app_tiago/lib/python3.10/site-packages/app_tiago/protocol/json_translator.py
/home/user/backend_app_tiago/src/app_tiago/install/app_tiago/lib/python3.10/site-packages/app_tiago/protocol/validator.py
/home/user/backend_app_tiago/src/app_tiago/install/app_tiago/lib/python3.10/site-packages/app_tiago/protocol/models.py
/home/user/backend_app_tiago/src/app_tiago/install/app_tiago/lib/python3.10/site-packages/app_tiago/protocol/json_schema.json
/home/user/backend_app_tiago/src/app_tiago/install/app_tiago/lib/python3.10/site-packages/app_tiago/__pycache__/main.cpython-310.pyc
/home/user/backend_app_tiago/src/app_tiago/install/app_tiago/lib/python3.10/site-packages/app_tiago/__pycache__/__init__.cpython-310.pyc
/home/user/backend_app_tiago/src/app_tiago/install/app_tiago/lib/python3.10/site-packages/app_tiago/utils/__pycache__/constants.cpython-310.pyc
/home/user/backend_app_tiago/src/app_tiago/install/app_tiago/lib/python3.10/site-packages/app_tiago/utils/__pycache__/__init__.cpython-310.pyc
/home/user/backend_app_tiago/src/app_tiago/install/app_tiago/lib/python3.10/site-packages/app_tiago/core/__pycache__/__init__.cpython-310.pyc
/home/user/backend_app_tiago/src/app_tiago/install/app_tiago/lib/python3.10/site-packages/app_tiago/core/__pycache__/router.cpython-310.pyc
/home/user/backend_app_tiago/src/app_tiago/install/app_tiago/lib/python3.10/site-packages/app_tiago/core/__pycache__/state_machine.cpython-310.pyc
/home/user/backend_app_tiago/src/app_tiago/install/app_tiago/lib/python3.10/site-packages/app_tiago/ros/__pycache__/__init__.cpython-310.pyc
/home/user/backend_app_tiago/src/app_tiago/install/app_tiago/lib/python3.10/site-packages/app_tiago/ros/__pycache__/ros2_node_gateway.cpython-310.pyc
/home/user/backend_app_tiago/src/app_tiago/install/app_tiago/lib/python3.10/site-packages/app_tiago/ros/__pycache__/ros2_core_node.cpython-310.pyc
/home/user/backend_app_tiago/src/app_tiago/install/app_tiago/lib/python3.10/site-packages/app_tiago/communication/__pycache__/server.cpython-310.pyc
/home/user/backend_app_tiago/src/app_tiago/install/app_tiago/lib/python3.10/site-packages/app_tiago/communication/__pycache__/__init__.cpython-310.pyc
/home/user/backend_app_tiago/src/app_tiago/install/app_tiago/lib/python3.10/site-packages/app_tiago/communication/__pycache__/connection_manager.cpython-310.pyc
/home/user/backend_app_tiago/src/app_tiago/install/app_tiago/lib/python3.10/site-packages/app_tiago/protocol/__pycache__/__init__.cpython-310.pyc
/home/user/backend_app_tiago/src/app_tiago/install/app_tiago/lib/python3.10/site-packages/app_tiago/protocol/__pycache__/json_translator.cpython-310.pyc
/home/user/backend_app_tiago/src/app_tiago/install/app_tiago/lib/python3.10/site-packages/app_tiago/protocol/__pycache__/validator.cpython-310.pyc
/home/user/backend_app_tiago/src/app_tiago/install/app_tiago/lib/python3.10/site-packages/app_tiago/protocol/__pycache__/models.cpython-310.pyc
/home/user/backend_app_tiago/src/app_tiago/install/app_tiago/share/ament_index/resource_index/packages/app_tiago
/home/user/backend_app_tiago/src/app_tiago/install/app_tiago/share/app_tiago/package.xml
/home/user/backend_app_tiago/src/app_tiago/install/app_tiago/share/app_tiago/launch/backend.launch.py
/home/user/backend_app_tiago/src/app_tiago/install/app_tiago/lib/python3.10/site-packages/app_tiago-0.0.0-py3.10.egg-info/PKG-INFO
/home/user/backend_app_tiago/src/app_tiago/install/app_tiago/lib/python3.10/site-packages/app_tiago-0.0.0-py3.10.egg-info/entry_points.txt
/home/user/backend_app_tiago/src/app_tiago/install/app_tiago/lib/python3.10/site-packages/app_tiago-0.0.0-py3.10.egg-info/SOURCES.txt
/home/user/backend_app_tiago/src/app_tiago/install/app_tiago/lib/python3.10/site-packages/app_tiago-0.0.0-py3.10.egg-info/dependency_links.txt
/home/user/backend_app_tiago/src/app_tiago/install/app_tiago/lib/python3.10/site-packages/app_tiago-0.0.0-py3.10.egg-info/zip-safe
/home/user/backend_app_tiago/src/app_tiago/install/app_tiago/lib/python3.10/site-packages/app_tiago-0.0.0-py3.10.egg-info/top_level.txt
/home/user/backend_app_tiago/src/app_tiago/install/app_tiago/lib/python3.10/site-packages/app_tiago-0.0.0-py3.10.egg-info/requires.txt
/home/user/backend_app_tiago/src/app_tiago/install/app_tiago/lib/app_tiago/server_node
