[0.045s] DEBUG:colcon:Command line arguments: ['/usr/bin/colcon', 'build']
[0.045s] DEBUG:colcon:Parsed command line arguments: Namespace(log_base=None, log_level=None, verb_name='build', build_base='build', install_base='install', merge_install=False, symlink_install=False, test_result_base=None, continue_on_error=False, executor='parallel', parallel_workers=28, event_handlers=None, ignore_user_meta=False, metas=['./colcon.meta'], base_paths=['.'], packages_ignore=None, packages_ignore_regex=None, paths=None, packages_up_to=None, packages_up_to_regex=None, packages_above=None, packages_above_and_dependencies=None, packages_above_depth=None, packages_select_by_dep=None, packages_skip_by_dep=None, packages_skip_up_to=None, packages_select_build_failed=False, packages_skip_build_finished=False, packages_select_test_failures=False, packages_skip_test_passed=False, packages_select=None, packages_skip=None, packages_select_regex=None, packages_skip_regex=None, packages_start=None, packages_end=None, cmake_args=None, cmake_target=None, cmake_target_skip_unavailable=False, cmake_clean_cache=False, cmake_clean_first=False, cmake_force_configure=False, ament_cmake_args=None, catkin_cmake_args=None, catkin_skip_building_tests=False, verb_parser=<colcon_defaults.argument_parser.defaults.DefaultArgumentsDecorator object at 0x7f2c027714b0>, verb_extension=<colcon_core.verb.build.BuildVerb object at 0x7f2c028e68f0>, main=<bound method BuildVerb.main of <colcon_core.verb.build.BuildVerb object at 0x7f2c028e68f0>>)
[0.123s] Level 1:colcon.colcon_core.package_discovery:discover_packages(colcon_meta) check parameters
[0.123s] Level 1:colcon.colcon_core.package_discovery:discover_packages(recursive) check parameters
[0.123s] Level 1:colcon.colcon_core.package_discovery:discover_packages(ignore) check parameters
[0.123s] Level 1:colcon.colcon_core.package_discovery:discover_packages(path) check parameters
[0.123s] Level 1:colcon.colcon_core.package_discovery:discover_packages(colcon_meta) discover
[0.123s] Level 1:colcon.colcon_core.package_discovery:discover_packages(recursive) discover
[0.123s] INFO:colcon.colcon_core.package_discovery:Crawling recursively for packages in '/home/user/backend_r2pilot/src'
[0.123s] Level 1:colcon.colcon_core.package_identification:_identify(.) by extensions ['ignore', 'ignore_ament_install']
[0.124s] Level 1:colcon.colcon_core.package_identification:_identify(.) by extension 'ignore'
[0.124s] Level 1:colcon.colcon_core.package_identification:_identify(.) by extension 'ignore_ament_install'
[0.124s] Level 1:colcon.colcon_core.package_identification:_identify(.) by extensions ['colcon_pkg']
[0.124s] Level 1:colcon.colcon_core.package_identification:_identify(.) by extension 'colcon_pkg'
[0.124s] Level 1:colcon.colcon_core.package_identification:_identify(.) by extensions ['colcon_meta']
[0.124s] Level 1:colcon.colcon_core.package_identification:_identify(.) by extension 'colcon_meta'
[0.124s] Level 1:colcon.colcon_core.package_identification:_identify(.) by extensions ['ros']
[0.124s] Level 1:colcon.colcon_core.package_identification:_identify(.) by extension 'ros'
[0.129s] Level 1:colcon.colcon_core.package_identification:_identify(.) by extensions ['cmake', 'python']
[0.129s] Level 1:colcon.colcon_core.package_identification:_identify(.) by extension 'cmake'
[0.129s] Level 1:colcon.colcon_core.package_identification:_identify(.) by extension 'python'
[0.129s] Level 1:colcon.colcon_core.package_identification:_identify(.) by extensions ['python_setup_py']
[0.129s] Level 1:colcon.colcon_core.package_identification:_identify(.) by extension 'python_setup_py'
[0.129s] Level 1:colcon.colcon_core.package_identification:_identify(build) by extensions ['ignore', 'ignore_ament_install']
[0.129s] Level 1:colcon.colcon_core.package_identification:_identify(build) by extension 'ignore'
[0.129s] Level 1:colcon.colcon_core.package_identification:_identify(build) ignored
[0.129s] Level 1:colcon.colcon_core.package_identification:_identify(install) by extensions ['ignore', 'ignore_ament_install']
[0.129s] Level 1:colcon.colcon_core.package_identification:_identify(install) by extension 'ignore'
[0.129s] Level 1:colcon.colcon_core.package_identification:_identify(install) ignored
[0.129s] Level 1:colcon.colcon_core.package_identification:_identify(log) by extensions ['ignore', 'ignore_ament_install']
[0.129s] Level 1:colcon.colcon_core.package_identification:_identify(log) by extension 'ignore'
[0.129s] Level 1:colcon.colcon_core.package_identification:_identify(log) ignored
[0.129s] Level 1:colcon.colcon_core.package_identification:_identify(r2pilot_server) by extensions ['ignore', 'ignore_ament_install']
[0.129s] Level 1:colcon.colcon_core.package_identification:_identify(r2pilot_server) by extension 'ignore'
[0.129s] Level 1:colcon.colcon_core.package_identification:_identify(r2pilot_server) by extension 'ignore_ament_install'
[0.129s] Level 1:colcon.colcon_core.package_identification:_identify(r2pilot_server) by extensions ['colcon_pkg']
[0.129s] Level 1:colcon.colcon_core.package_identification:_identify(r2pilot_server) by extension 'colcon_pkg'
[0.129s] Level 1:colcon.colcon_core.package_identification:_identify(r2pilot_server) by extensions ['colcon_meta']
[0.129s] Level 1:colcon.colcon_core.package_identification:_identify(r2pilot_server) by extension 'colcon_meta'
[0.129s] Level 1:colcon.colcon_core.package_identification:_identify(r2pilot_server) by extensions ['ros']
[0.129s] Level 1:colcon.colcon_core.package_identification:_identify(r2pilot_server) by extension 'ros'
[0.131s] DEBUG:colcon.colcon_core.package_identification:Package 'r2pilot_server' with type 'ros.ament_python' and name 'r2pilot_server'
[0.131s] Level 1:colcon.colcon_core.package_discovery:discover_packages(recursive) using defaults
[0.131s] Level 1:colcon.colcon_core.package_discovery:discover_packages(ignore) discover
[0.131s] Level 1:colcon.colcon_core.package_discovery:discover_packages(ignore) using defaults
[0.131s] Level 1:colcon.colcon_core.package_discovery:discover_packages(path) discover
[0.131s] Level 1:colcon.colcon_core.package_discovery:discover_packages(path) using defaults
[0.146s] Level 5:colcon.colcon_core.verb:set package 'r2pilot_server' build argument 'cmake_args' from command line to 'None'
[0.146s] Level 5:colcon.colcon_core.verb:set package 'r2pilot_server' build argument 'cmake_target' from command line to 'None'
[0.146s] Level 5:colcon.colcon_core.verb:set package 'r2pilot_server' build argument 'cmake_target_skip_unavailable' from command line to 'False'
[0.146s] Level 5:colcon.colcon_core.verb:set package 'r2pilot_server' build argument 'cmake_clean_cache' from command line to 'False'
[0.146s] Level 5:colcon.colcon_core.verb:set package 'r2pilot_server' build argument 'cmake_clean_first' from command line to 'False'
[0.146s] Level 5:colcon.colcon_core.verb:set package 'r2pilot_server' build argument 'cmake_force_configure' from command line to 'False'
[0.146s] Level 5:colcon.colcon_core.verb:set package 'r2pilot_server' build argument 'ament_cmake_args' from command line to 'None'
[0.146s] Level 5:colcon.colcon_core.verb:set package 'r2pilot_server' build argument 'catkin_cmake_args' from command line to 'None'
[0.146s] Level 5:colcon.colcon_core.verb:set package 'r2pilot_server' build argument 'catkin_skip_building_tests' from command line to 'False'
[0.146s] DEBUG:colcon.colcon_core.verb:Building package 'r2pilot_server' with the following arguments: {'ament_cmake_args': None, 'build_base': '/home/user/backend_r2pilot/src/build/r2pilot_server', 'catkin_cmake_args': None, 'catkin_skip_building_tests': False, 'cmake_args': None, 'cmake_clean_cache': False, 'cmake_clean_first': False, 'cmake_force_configure': False, 'cmake_target': None, 'cmake_target_skip_unavailable': False, 'install_base': '/home/user/backend_r2pilot/src/install/r2pilot_server', 'merge_install': False, 'path': '/home/user/backend_r2pilot/src/r2pilot_server', 'symlink_install': False, 'test_result_base': None}
[0.146s] INFO:colcon.colcon_core.executor:Executing jobs using 'parallel' executor
[0.147s] DEBUG:colcon.colcon_parallel_executor.executor.parallel:run_until_complete
[0.147s] INFO:colcon.colcon_ros.task.ament_python.build:Building ROS package in '/home/user/backend_r2pilot/src/r2pilot_server' with build type 'ament_python'
[0.147s] Level 1:colcon.colcon_core.shell:create_environment_hook('r2pilot_server', 'ament_prefix_path')
[0.148s] INFO:colcon.colcon_core.plugin_system:Skipping extension 'colcon_core.shell.bat': Not used on non-Windows systems
[0.148s] INFO:colcon.colcon_core.shell:Creating environment hook '/home/user/backend_r2pilot/src/install/r2pilot_server/share/r2pilot_server/hook/ament_prefix_path.ps1'
[0.148s] INFO:colcon.colcon_core.shell:Creating environment descriptor '/home/user/backend_r2pilot/src/install/r2pilot_server/share/r2pilot_server/hook/ament_prefix_path.dsv'
[0.148s] INFO:colcon.colcon_core.shell:Creating environment hook '/home/user/backend_r2pilot/src/install/r2pilot_server/share/r2pilot_server/hook/ament_prefix_path.sh'
[0.149s] INFO:colcon.colcon_core.shell:Skip shell extension 'powershell' for command environment: Not usable outside of PowerShell
[0.149s] DEBUG:colcon.colcon_core.shell:Skip shell extension 'dsv' for command environment
[0.274s] INFO:colcon.colcon_core.task.python.build:Building Python package in '/home/user/backend_r2pilot/src/r2pilot_server'
[0.275s] INFO:colcon.colcon_core.shell:Skip shell extension 'powershell' for command environment: Not usable outside of PowerShell
[0.275s] DEBUG:colcon.colcon_core.shell:Skip shell extension 'dsv' for command environment
[0.451s] DEBUG:colcon.colcon_core.event_handler.log_command:Invoking command in '/home/user/backend_r2pilot/src/r2pilot_server': PYTHONPATH=/home/user/backend_r2pilot/src/build/r2pilot_server/prefix_override:/usr/lib/python3/dist-packages/colcon_core/task/python/colcon_distutils_commands:/home/user/backend_r2pilot/src/install/r2pilot_server/lib/python3.10/site-packages:${PYTHONPATH} /usr/bin/python3 -W ignore:setup.py install is deprecated -W ignore:easy_install command is deprecated setup.py egg_info --egg-base ../build/r2pilot_server build --build-base /home/user/backend_r2pilot/src/build/r2pilot_server/build install --record /home/user/backend_r2pilot/src/build/r2pilot_server/install.log --single-version-externally-managed install_data
[0.597s] DEBUG:colcon.colcon_core.event_handler.log_command:Invoked command in '/home/user/backend_r2pilot/src/r2pilot_server' returned '0': PYTHONPATH=/home/user/backend_r2pilot/src/build/r2pilot_server/prefix_override:/usr/lib/python3/dist-packages/colcon_core/task/python/colcon_distutils_commands:/home/user/backend_r2pilot/src/install/r2pilot_server/lib/python3.10/site-packages:${PYTHONPATH} /usr/bin/python3 -W ignore:setup.py install is deprecated -W ignore:easy_install command is deprecated setup.py egg_info --egg-base ../build/r2pilot_server build --build-base /home/user/backend_r2pilot/src/build/r2pilot_server/build install --record /home/user/backend_r2pilot/src/build/r2pilot_server/install.log --single-version-externally-managed install_data
[0.598s] Level 1:colcon.colcon_core.environment:checking '/home/user/backend_r2pilot/src/install/r2pilot_server' for CMake module files
[0.598s] Level 1:colcon.colcon_core.environment:checking '/home/user/backend_r2pilot/src/install/r2pilot_server' for CMake config files
[0.599s] Level 1:colcon.colcon_core.environment:checking '/home/user/backend_r2pilot/src/install/r2pilot_server/lib'
[0.599s] Level 1:colcon.colcon_core.environment:checking '/home/user/backend_r2pilot/src/install/r2pilot_server/bin'
[0.599s] Level 1:colcon.colcon_core.environment:checking '/home/user/backend_r2pilot/src/install/r2pilot_server/lib/pkgconfig/r2pilot_server.pc'
[0.599s] Level 1:colcon.colcon_core.environment:checking '/home/user/backend_r2pilot/src/install/r2pilot_server/lib/python3.10/site-packages'
[0.599s] Level 1:colcon.colcon_core.shell:create_environment_hook('r2pilot_server', 'pythonpath')
[0.599s] INFO:colcon.colcon_core.shell:Creating environment hook '/home/user/backend_r2pilot/src/install/r2pilot_server/share/r2pilot_server/hook/pythonpath.ps1'
[0.599s] INFO:colcon.colcon_core.shell:Creating environment descriptor '/home/user/backend_r2pilot/src/install/r2pilot_server/share/r2pilot_server/hook/pythonpath.dsv'
[0.599s] INFO:colcon.colcon_core.shell:Creating environment hook '/home/user/backend_r2pilot/src/install/r2pilot_server/share/r2pilot_server/hook/pythonpath.sh'
[0.600s] Level 1:colcon.colcon_core.environment:checking '/home/user/backend_r2pilot/src/install/r2pilot_server/bin'
[0.600s] Level 1:colcon.colcon_core.environment:create_environment_scripts_only(r2pilot_server)
[0.600s] INFO:colcon.colcon_core.shell:Creating package script '/home/user/backend_r2pilot/src/install/r2pilot_server/share/r2pilot_server/package.ps1'
[0.600s] INFO:colcon.colcon_core.shell:Creating package descriptor '/home/user/backend_r2pilot/src/install/r2pilot_server/share/r2pilot_server/package.dsv'
[0.600s] INFO:colcon.colcon_core.shell:Creating package script '/home/user/backend_r2pilot/src/install/r2pilot_server/share/r2pilot_server/package.sh'
[0.601s] INFO:colcon.colcon_core.shell:Creating package script '/home/user/backend_r2pilot/src/install/r2pilot_server/share/r2pilot_server/package.bash'
[0.601s] INFO:colcon.colcon_core.shell:Creating package script '/home/user/backend_r2pilot/src/install/r2pilot_server/share/r2pilot_server/package.zsh'
[0.601s] Level 1:colcon.colcon_core.environment:create_file_with_runtime_dependencies(/home/user/backend_r2pilot/src/install/r2pilot_server/share/colcon-core/packages/r2pilot_server)
[0.601s] DEBUG:colcon.colcon_parallel_executor.executor.parallel:closing loop
[0.601s] DEBUG:colcon.colcon_parallel_executor.executor.parallel:loop closed
[0.601s] DEBUG:colcon.colcon_parallel_executor.executor.parallel:run_until_complete finished with '0'
[0.601s] DEBUG:colcon.colcon_core.event_reactor:joining thread
[0.605s] INFO:colcon.colcon_core.plugin_system:Skipping extension 'colcon_notification.desktop_notification.notify_send': Could not find 'notify-send'
[0.605s] INFO:colcon.colcon_core.plugin_system:Skipping extension 'colcon_notification.desktop_notification.terminal_notifier': Not used on non-Darwin systems
[0.605s] INFO:colcon.colcon_core.plugin_system:Skipping extension 'colcon_notification.desktop_notification.win32': Not used on non-Windows systems
[0.605s] INFO:colcon.colcon_notification.desktop_notification:Sending desktop notification using 'notify2'
[0.605s] DEBUG:colcon.colcon_notification.desktop_notification.notify2:Failed to initialize notify2: org.freedesktop.DBus.Error.BadAddress: Could not parse server address: Unknown address type (examples of valid types are "tcp" and on UNIX "unix")
[0.605s] DEBUG:colcon.colcon_core.event_reactor:joined thread
[0.606s] INFO:colcon.colcon_core.shell:Creating prefix script '/home/user/backend_r2pilot/src/install/local_setup.ps1'
[0.606s] INFO:colcon.colcon_core.shell:Creating prefix util module '/home/user/backend_r2pilot/src/install/_local_setup_util_ps1.py'
[0.606s] INFO:colcon.colcon_core.shell:Creating prefix chain script '/home/user/backend_r2pilot/src/install/setup.ps1'
[0.607s] INFO:colcon.colcon_core.shell:Creating prefix script '/home/user/backend_r2pilot/src/install/local_setup.sh'
[0.607s] INFO:colcon.colcon_core.shell:Creating prefix util module '/home/user/backend_r2pilot/src/install/_local_setup_util_sh.py'
[0.607s] INFO:colcon.colcon_core.shell:Creating prefix chain script '/home/user/backend_r2pilot/src/install/setup.sh'
[0.608s] INFO:colcon.colcon_core.shell:Creating prefix script '/home/user/backend_r2pilot/src/install/local_setup.bash'
[0.608s] INFO:colcon.colcon_core.shell:Creating prefix chain script '/home/user/backend_r2pilot/src/install/setup.bash'
[0.608s] INFO:colcon.colcon_core.shell:Creating prefix script '/home/user/backend_r2pilot/src/install/local_setup.zsh'
[0.608s] INFO:colcon.colcon_core.shell:Creating prefix chain script '/home/user/backend_r2pilot/src/install/setup.zsh'
