[0.136s] DEBUG:colcon:Command line arguments: ['/usr/bin/colcon', 'build']
[0.136s] DEBUG:colcon:Parsed command line arguments: Namespace(log_base=None, log_level=None, verb_name='build', build_base='build', install_base='install', merge_install=False, symlink_install=False, test_result_base=None, continue_on_error=False, executor='parallel', parallel_workers=16, event_handlers=None, ignore_user_meta=False, metas=['./colcon.meta'], base_paths=['.'], packages_ignore=None, packages_ignore_regex=None, paths=None, packages_up_to=None, packages_up_to_regex=None, packages_above=None, packages_above_and_dependencies=None, packages_above_depth=None, packages_select_by_dep=None, packages_skip_by_dep=None, packages_skip_up_to=None, packages_select_build_failed=False, packages_skip_build_finished=False, packages_select_test_failures=False, packages_skip_test_passed=False, packages_select=None, packages_skip=None, packages_select_regex=None, packages_skip_regex=None, packages_start=None, packages_end=None, cmake_args=None, cmake_target=None, cmake_target_skip_unavailable=False, cmake_clean_cache=False, cmake_clean_first=False, cmake_force_configure=False, ament_cmake_args=None, catkin_cmake_args=None, catkin_skip_building_tests=False, verb_parser=<colcon_defaults.argument_parser.defaults.DefaultArgumentsDecorator object at 0x7b5ec48e12d0>, verb_extension=<colcon_core.verb.build.BuildVerb object at 0x7b5ec48e0070>, main=<bound method BuildVerb.main of <colcon_core.verb.build.BuildVerb object at 0x7b5ec48e0070>>)
[0.364s] Level 1:colcon.colcon_core.package_discovery:discover_packages(colcon_meta) check parameters
[0.364s] Level 1:colcon.colcon_core.package_discovery:discover_packages(recursive) check parameters
[0.364s] Level 1:colcon.colcon_core.package_discovery:discover_packages(ignore) check parameters
[0.364s] Level 1:colcon.colcon_core.package_discovery:discover_packages(path) check parameters
[0.364s] Level 1:colcon.colcon_core.package_discovery:discover_packages(colcon_meta) discover
[0.364s] Level 1:colcon.colcon_core.package_discovery:discover_packages(recursive) discover
[0.364s] INFO:colcon.colcon_core.package_discovery:Crawling recursively for packages in '/home/user/backend_app_tiago/src/app_tiago'
[0.364s] Level 1:colcon.colcon_core.package_identification:_identify(.) by extensions ['ignore', 'ignore_ament_install']
[0.364s] Level 1:colcon.colcon_core.package_identification:_identify(.) by extension 'ignore'
[0.364s] Level 1:colcon.colcon_core.package_identification:_identify(.) by extension 'ignore_ament_install'
[0.364s] Level 1:colcon.colcon_core.package_identification:_identify(.) by extensions ['colcon_pkg']
[0.364s] Level 1:colcon.colcon_core.package_identification:_identify(.) by extension 'colcon_pkg'
[0.364s] Level 1:colcon.colcon_core.package_identification:_identify(.) by extensions ['colcon_meta']
[0.364s] Level 1:colcon.colcon_core.package_identification:_identify(.) by extension 'colcon_meta'
[0.364s] Level 1:colcon.colcon_core.package_identification:_identify(.) by extensions ['ros']
[0.364s] Level 1:colcon.colcon_core.package_identification:_identify(.) by extension 'ros'
[0.377s] DEBUG:colcon.colcon_core.package_identification:Package '.' with type 'ros.ament_python' and name 'app_tiago'
[0.377s] Level 1:colcon.colcon_core.package_discovery:discover_packages(recursive) using defaults
[0.378s] Level 1:colcon.colcon_core.package_discovery:discover_packages(ignore) discover
[0.378s] Level 1:colcon.colcon_core.package_discovery:discover_packages(ignore) using defaults
[0.378s] Level 1:colcon.colcon_core.package_discovery:discover_packages(path) discover
[0.378s] Level 1:colcon.colcon_core.package_discovery:discover_packages(path) using defaults
[0.407s] Level 5:colcon.colcon_core.verb:set package 'app_tiago' build argument 'cmake_args' from command line to 'None'
[0.407s] Level 5:colcon.colcon_core.verb:set package 'app_tiago' build argument 'cmake_target' from command line to 'None'
[0.407s] Level 5:colcon.colcon_core.verb:set package 'app_tiago' build argument 'cmake_target_skip_unavailable' from command line to 'False'
[0.407s] Level 5:colcon.colcon_core.verb:set package 'app_tiago' build argument 'cmake_clean_cache' from command line to 'False'
[0.407s] Level 5:colcon.colcon_core.verb:set package 'app_tiago' build argument 'cmake_clean_first' from command line to 'False'
[0.407s] Level 5:colcon.colcon_core.verb:set package 'app_tiago' build argument 'cmake_force_configure' from command line to 'False'
[0.407s] Level 5:colcon.colcon_core.verb:set package 'app_tiago' build argument 'ament_cmake_args' from command line to 'None'
[0.407s] Level 5:colcon.colcon_core.verb:set package 'app_tiago' build argument 'catkin_cmake_args' from command line to 'None'
[0.407s] Level 5:colcon.colcon_core.verb:set package 'app_tiago' build argument 'catkin_skip_building_tests' from command line to 'False'
[0.407s] DEBUG:colcon.colcon_core.verb:Building package 'app_tiago' with the following arguments: {'ament_cmake_args': None, 'build_base': '/home/user/backend_app_tiago/src/app_tiago/build/app_tiago', 'catkin_cmake_args': None, 'catkin_skip_building_tests': False, 'cmake_args': None, 'cmake_clean_cache': False, 'cmake_clean_first': False, 'cmake_force_configure': False, 'cmake_target': None, 'cmake_target_skip_unavailable': False, 'install_base': '/home/user/backend_app_tiago/src/app_tiago/install/app_tiago', 'merge_install': False, 'path': '/home/user/backend_app_tiago/src/app_tiago', 'symlink_install': False, 'test_result_base': None}
[0.407s] INFO:colcon.colcon_core.executor:Executing jobs using 'parallel' executor
[0.408s] DEBUG:colcon.colcon_parallel_executor.executor.parallel:run_until_complete
[0.409s] INFO:colcon.colcon_ros.task.ament_python.build:Building ROS package in '/home/user/backend_app_tiago/src/app_tiago' with build type 'ament_python'
[0.409s] Level 1:colcon.colcon_core.shell:create_environment_hook('app_tiago', 'ament_prefix_path')
[0.411s] INFO:colcon.colcon_core.plugin_system:Skipping extension 'colcon_core.shell.bat': Not used on non-Windows systems
[0.411s] INFO:colcon.colcon_core.shell:Creating environment hook '/home/user/backend_app_tiago/src/app_tiago/install/app_tiago/share/app_tiago/hook/ament_prefix_path.ps1'
[0.412s] INFO:colcon.colcon_core.shell:Creating environment descriptor '/home/user/backend_app_tiago/src/app_tiago/install/app_tiago/share/app_tiago/hook/ament_prefix_path.dsv'
[0.413s] INFO:colcon.colcon_core.shell:Creating environment hook '/home/user/backend_app_tiago/src/app_tiago/install/app_tiago/share/app_tiago/hook/ament_prefix_path.sh'
[0.413s] INFO:colcon.colcon_core.shell:Skip shell extension 'powershell' for command environment: Not usable outside of PowerShell
[0.413s] DEBUG:colcon.colcon_core.shell:Skip shell extension 'dsv' for command environment
[0.710s] INFO:colcon.colcon_core.task.python.build:Building Python package in '/home/user/backend_app_tiago/src/app_tiago'
[0.711s] INFO:colcon.colcon_core.shell:Skip shell extension 'powershell' for command environment: Not usable outside of PowerShell
[0.711s] DEBUG:colcon.colcon_core.shell:Skip shell extension 'dsv' for command environment
[1.182s] DEBUG:colcon.colcon_core.event_handler.log_command:Invoking command in '/home/user/backend_app_tiago/src/app_tiago': PYTHONPATH=/home/user/backend_app_tiago/src/app_tiago/build/app_tiago/prefix_override:/usr/lib/python3/dist-packages/colcon_core/task/python/colcon_distutils_commands:/home/user/backend_app_tiago/src/app_tiago/install/app_tiago/lib/python3.10/site-packages:${PYTHONPATH} /usr/bin/python3 -W ignore:setup.py install is deprecated -W ignore:easy_install command is deprecated setup.py egg_info --egg-base build/app_tiago build --build-base /home/user/backend_app_tiago/src/app_tiago/build/app_tiago/build install --record /home/user/backend_app_tiago/src/app_tiago/build/app_tiago/install.log --single-version-externally-managed install_data
[1.496s] DEBUG:colcon.colcon_core.event_handler.log_command:Invoked command in '/home/user/backend_app_tiago/src/app_tiago' returned '0': PYTHONPATH=/home/user/backend_app_tiago/src/app_tiago/build/app_tiago/prefix_override:/usr/lib/python3/dist-packages/colcon_core/task/python/colcon_distutils_commands:/home/user/backend_app_tiago/src/app_tiago/install/app_tiago/lib/python3.10/site-packages:${PYTHONPATH} /usr/bin/python3 -W ignore:setup.py install is deprecated -W ignore:easy_install command is deprecated setup.py egg_info --egg-base build/app_tiago build --build-base /home/user/backend_app_tiago/src/app_tiago/build/app_tiago/build install --record /home/user/backend_app_tiago/src/app_tiago/build/app_tiago/install.log --single-version-externally-managed install_data
[1.501s] Level 1:colcon.colcon_core.environment:checking '/home/user/backend_app_tiago/src/app_tiago/install/app_tiago' for CMake module files
[1.501s] Level 1:colcon.colcon_core.environment:checking '/home/user/backend_app_tiago/src/app_tiago/install/app_tiago' for CMake config files
[1.502s] Level 1:colcon.colcon_core.environment:checking '/home/user/backend_app_tiago/src/app_tiago/install/app_tiago/lib'
[1.502s] Level 1:colcon.colcon_core.environment:checking '/home/user/backend_app_tiago/src/app_tiago/install/app_tiago/bin'
[1.502s] Level 1:colcon.colcon_core.environment:checking '/home/user/backend_app_tiago/src/app_tiago/install/app_tiago/lib/pkgconfig/app_tiago.pc'
[1.502s] Level 1:colcon.colcon_core.environment:checking '/home/user/backend_app_tiago/src/app_tiago/install/app_tiago/lib/python3.10/site-packages'
[1.502s] Level 1:colcon.colcon_core.shell:create_environment_hook('app_tiago', 'pythonpath')
[1.503s] INFO:colcon.colcon_core.shell:Creating environment hook '/home/user/backend_app_tiago/src/app_tiago/install/app_tiago/share/app_tiago/hook/pythonpath.ps1'
[1.503s] INFO:colcon.colcon_core.shell:Creating environment descriptor '/home/user/backend_app_tiago/src/app_tiago/install/app_tiago/share/app_tiago/hook/pythonpath.dsv'
[1.503s] INFO:colcon.colcon_core.shell:Creating environment hook '/home/user/backend_app_tiago/src/app_tiago/install/app_tiago/share/app_tiago/hook/pythonpath.sh'
[1.504s] Level 1:colcon.colcon_core.environment:checking '/home/user/backend_app_tiago/src/app_tiago/install/app_tiago/bin'
[1.504s] Level 1:colcon.colcon_core.environment:create_environment_scripts_only(app_tiago)
[1.504s] INFO:colcon.colcon_core.shell:Creating package script '/home/user/backend_app_tiago/src/app_tiago/install/app_tiago/share/app_tiago/package.ps1'
[1.505s] INFO:colcon.colcon_core.shell:Creating package descriptor '/home/user/backend_app_tiago/src/app_tiago/install/app_tiago/share/app_tiago/package.dsv'
[1.506s] INFO:colcon.colcon_core.shell:Creating package script '/home/user/backend_app_tiago/src/app_tiago/install/app_tiago/share/app_tiago/package.sh'
[1.506s] INFO:colcon.colcon_core.shell:Creating package script '/home/user/backend_app_tiago/src/app_tiago/install/app_tiago/share/app_tiago/package.bash'
[1.507s] INFO:colcon.colcon_core.shell:Creating package script '/home/user/backend_app_tiago/src/app_tiago/install/app_tiago/share/app_tiago/package.zsh'
[1.507s] Level 1:colcon.colcon_core.environment:create_file_with_runtime_dependencies(/home/user/backend_app_tiago/src/app_tiago/install/app_tiago/share/colcon-core/packages/app_tiago)
[1.508s] DEBUG:colcon.colcon_parallel_executor.executor.parallel:closing loop
[1.508s] DEBUG:colcon.colcon_parallel_executor.executor.parallel:loop closed
[1.508s] DEBUG:colcon.colcon_parallel_executor.executor.parallel:run_until_complete finished with '0'
[1.508s] DEBUG:colcon.colcon_core.event_reactor:joining thread
[1.515s] INFO:colcon.colcon_core.plugin_system:Skipping extension 'colcon_notification.desktop_notification.notify_send': Could not find 'notify-send'
[1.515s] INFO:colcon.colcon_core.plugin_system:Skipping extension 'colcon_notification.desktop_notification.terminal_notifier': Not used on non-Darwin systems
[1.515s] INFO:colcon.colcon_core.plugin_system:Skipping extension 'colcon_notification.desktop_notification.win32': Not used on non-Windows systems
[1.516s] INFO:colcon.colcon_notification.desktop_notification:Sending desktop notification using 'notify2'
[1.516s] DEBUG:colcon.colcon_notification.desktop_notification.notify2:Failed to initialize notify2: org.freedesktop.DBus.Error.BadAddress: Could not parse server address: Unknown address type (examples of valid types are "tcp" and on UNIX "unix")
[1.516s] DEBUG:colcon.colcon_core.event_reactor:joined thread
[1.516s] INFO:colcon.colcon_core.shell:Creating prefix script '/home/user/backend_app_tiago/src/app_tiago/install/local_setup.ps1'
[1.517s] INFO:colcon.colcon_core.shell:Creating prefix util module '/home/user/backend_app_tiago/src/app_tiago/install/_local_setup_util_ps1.py'
[1.519s] INFO:colcon.colcon_core.shell:Creating prefix chain script '/home/user/backend_app_tiago/src/app_tiago/install/setup.ps1'
[1.520s] INFO:colcon.colcon_core.shell:Creating prefix script '/home/user/backend_app_tiago/src/app_tiago/install/local_setup.sh'
[1.521s] INFO:colcon.colcon_core.shell:Creating prefix util module '/home/user/backend_app_tiago/src/app_tiago/install/_local_setup_util_sh.py'
[1.522s] INFO:colcon.colcon_core.shell:Creating prefix chain script '/home/user/backend_app_tiago/src/app_tiago/install/setup.sh'
[1.524s] INFO:colcon.colcon_core.shell:Creating prefix script '/home/user/backend_app_tiago/src/app_tiago/install/local_setup.bash'
[1.524s] INFO:colcon.colcon_core.shell:Creating prefix chain script '/home/user/backend_app_tiago/src/app_tiago/install/setup.bash'
[1.526s] INFO:colcon.colcon_core.shell:Creating prefix script '/home/user/backend_app_tiago/src/app_tiago/install/local_setup.zsh'
[1.526s] INFO:colcon.colcon_core.shell:Creating prefix chain script '/home/user/backend_app_tiago/src/app_tiago/install/setup.zsh'
