[0.304s] Invoking command in '/home/user/backend_r2pilot/src/r2pilot_server': PYTHONPATH=/home/user/backend_r2pilot/src/build/r2pilot_server/prefix_override:/usr/lib/python3/dist-packages/colcon_core/task/python/colcon_distutils_commands:/home/user/backend_r2pilot/src/install/r2pilot_server/lib/python3.10/site-packages:${PYTHONPATH} /usr/bin/python3 -W ignore:setup.py install is deprecated -W ignore:easy_install command is deprecated setup.py egg_info --egg-base ../build/r2pilot_server build --build-base /home/user/backend_r2pilot/src/build/r2pilot_server/build install --record /home/user/backend_r2pilot/src/build/r2pilot_server/install.log --single-version-externally-managed install_data
[0.415s] running egg_info
[0.415s] creating ../build/r2pilot_server/r2pilot_server.egg-info
[0.415s] writing ../build/r2pilot_server/r2pilot_server.egg-info/PKG-INFO
[0.416s] writing dependency_links to ../build/r2pilot_server/r2pilot_server.egg-info/dependency_links.txt
[0.416s] writing entry points to ../build/r2pilot_server/r2pilot_server.egg-info/entry_points.txt
[0.416s] writing requirements to ../build/r2pilot_server/r2pilot_server.egg-info/requires.txt
[0.416s] writing top-level names to ../build/r2pilot_server/r2pilot_server.egg-info/top_level.txt
[0.416s] writing manifest file '../build/r2pilot_server/r2pilot_server.egg-info/SOURCES.txt'
[0.417s] reading manifest file '../build/r2pilot_server/r2pilot_server.egg-info/SOURCES.txt'
[0.417s] adding license file 'LICENSE'
[0.417s] writing manifest file '../build/r2pilot_server/r2pilot_server.egg-info/SOURCES.txt'
[0.417s] running build
[0.417s] running build_py
[0.417s] creating /home/user/backend_r2pilot/src/build/r2pilot_server/build
[0.417s] creating /home/user/backend_r2pilot/src/build/r2pilot_server/build/lib
[0.417s] creating /home/user/backend_r2pilot/src/build/r2pilot_server/build/lib/r2pilot_server
[0.417s] copying r2pilot_server/__init__.py -> /home/user/backend_r2pilot/src/build/r2pilot_server/build/lib/r2pilot_server
[0.417s] copying r2pilot_server/main.py -> /home/user/backend_r2pilot/src/build/r2pilot_server/build/lib/r2pilot_server
[0.417s] creating /home/user/backend_r2pilot/src/build/r2pilot_server/build/lib/r2pilot_server/protocol
[0.418s] copying r2pilot_server/protocol/message_codec.py -> /home/user/backend_r2pilot/src/build/r2pilot_server/build/lib/r2pilot_server/protocol
[0.418s] copying r2pilot_server/protocol/__init__.py -> /home/user/backend_r2pilot/src/build/r2pilot_server/build/lib/r2pilot_server/protocol
[0.418s] copying r2pilot_server/protocol/models.py -> /home/user/backend_r2pilot/src/build/r2pilot_server/build/lib/r2pilot_server/protocol
[0.418s] copying r2pilot_server/protocol/validator.py -> /home/user/backend_r2pilot/src/build/r2pilot_server/build/lib/r2pilot_server/protocol
[0.418s] creating /home/user/backend_r2pilot/src/build/r2pilot_server/build/lib/r2pilot_server/ros
[0.418s] copying r2pilot_server/ros/ros2_control_manager.py -> /home/user/backend_r2pilot/src/build/r2pilot_server/build/lib/r2pilot_server/ros
[0.418s] copying r2pilot_server/ros/ros2_node_gateway.py -> /home/user/backend_r2pilot/src/build/r2pilot_server/build/lib/r2pilot_server/ros
[0.418s] copying r2pilot_server/ros/ros2_discovery.py -> /home/user/backend_r2pilot/src/build/r2pilot_server/build/lib/r2pilot_server/ros
[0.418s] copying r2pilot_server/ros/__init__.py -> /home/user/backend_r2pilot/src/build/r2pilot_server/build/lib/r2pilot_server/ros
[0.418s] copying r2pilot_server/ros/ros2_action_manager.py -> /home/user/backend_r2pilot/src/build/r2pilot_server/build/lib/r2pilot_server/ros
[0.418s] copying r2pilot_server/ros/ros2_sensor_manager.py -> /home/user/backend_r2pilot/src/build/r2pilot_server/build/lib/r2pilot_server/ros
[0.418s] copying r2pilot_server/ros/ros2_safety_node.py -> /home/user/backend_r2pilot/src/build/r2pilot_server/build/lib/r2pilot_server/ros
[0.418s] creating /home/user/backend_r2pilot/src/build/r2pilot_server/build/lib/r2pilot_server/utils
[0.418s] copying r2pilot_server/utils/__init__.py -> /home/user/backend_r2pilot/src/build/r2pilot_server/build/lib/r2pilot_server/utils
[0.418s] copying r2pilot_server/utils/constants.py -> /home/user/backend_r2pilot/src/build/r2pilot_server/build/lib/r2pilot_server/utils
[0.418s] creating /home/user/backend_r2pilot/src/build/r2pilot_server/build/lib/r2pilot_server/communication
[0.418s] copying r2pilot_server/communication/__init__.py -> /home/user/backend_r2pilot/src/build/r2pilot_server/build/lib/r2pilot_server/communication
[0.419s] copying r2pilot_server/communication/connection_manager.py -> /home/user/backend_r2pilot/src/build/r2pilot_server/build/lib/r2pilot_server/communication
[0.419s] copying r2pilot_server/communication/websocket_server.py -> /home/user/backend_r2pilot/src/build/r2pilot_server/build/lib/r2pilot_server/communication
[0.419s] creating /home/user/backend_r2pilot/src/build/r2pilot_server/build/lib/r2pilot_server/core
[0.419s] copying r2pilot_server/core/__init__.py -> /home/user/backend_r2pilot/src/build/r2pilot_server/build/lib/r2pilot_server/core
[0.419s] copying r2pilot_server/core/director.py -> /home/user/backend_r2pilot/src/build/r2pilot_server/build/lib/r2pilot_server/core
[0.419s] copying r2pilot_server/core/host_utils.py -> /home/user/backend_r2pilot/src/build/r2pilot_server/build/lib/r2pilot_server/core
[0.419s] copying r2pilot_server/core/state_machine.py -> /home/user/backend_r2pilot/src/build/r2pilot_server/build/lib/r2pilot_server/core
[0.419s] copying r2pilot_server/protocol/json_schema.json -> /home/user/backend_r2pilot/src/build/r2pilot_server/build/lib/r2pilot_server/protocol
[0.419s] running install
[0.419s] running install_lib
[0.419s] creating /home/user/backend_r2pilot/src/install/r2pilot_server/lib/python3.10/site-packages/r2pilot_server
[0.419s] copying /home/user/backend_r2pilot/src/build/r2pilot_server/build/lib/r2pilot_server/__init__.py -> /home/user/backend_r2pilot/src/install/r2pilot_server/lib/python3.10/site-packages/r2pilot_server
[0.420s] creating /home/user/backend_r2pilot/src/install/r2pilot_server/lib/python3.10/site-packages/r2pilot_server/protocol
[0.420s] copying /home/user/backend_r2pilot/src/build/r2pilot_server/build/lib/r2pilot_server/protocol/message_codec.py -> /home/user/backend_r2pilot/src/install/r2pilot_server/lib/python3.10/site-packages/r2pilot_server/protocol
[0.420s] copying /home/user/backend_r2pilot/src/build/r2pilot_server/build/lib/r2pilot_server/protocol/__init__.py -> /home/user/backend_r2pilot/src/install/r2pilot_server/lib/python3.10/site-packages/r2pilot_server/protocol
[0.420s] copying /home/user/backend_r2pilot/src/build/r2pilot_server/build/lib/r2pilot_server/protocol/json_schema.json -> /home/user/backend_r2pilot/src/install/r2pilot_server/lib/python3.10/site-packages/r2pilot_server/protocol
[0.420s] copying /home/user/backend_r2pilot/src/build/r2pilot_server/build/lib/r2pilot_server/protocol/models.py -> /home/user/backend_r2pilot/src/install/r2pilot_server/lib/python3.10/site-packages/r2pilot_server/protocol
[0.420s] copying /home/user/backend_r2pilot/src/build/r2pilot_server/build/lib/r2pilot_server/protocol/validator.py -> /home/user/backend_r2pilot/src/install/r2pilot_server/lib/python3.10/site-packages/r2pilot_server/protocol
[0.420s] copying /home/user/backend_r2pilot/src/build/r2pilot_server/build/lib/r2pilot_server/main.py -> /home/user/backend_r2pilot/src/install/r2pilot_server/lib/python3.10/site-packages/r2pilot_server
[0.420s] creating /home/user/backend_r2pilot/src/install/r2pilot_server/lib/python3.10/site-packages/r2pilot_server/ros
[0.420s] copying /home/user/backend_r2pilot/src/build/r2pilot_server/build/lib/r2pilot_server/ros/ros2_control_manager.py -> /home/user/backend_r2pilot/src/install/r2pilot_server/lib/python3.10/site-packages/r2pilot_server/ros
[0.420s] copying /home/user/backend_r2pilot/src/build/r2pilot_server/build/lib/r2pilot_server/ros/ros2_node_gateway.py -> /home/user/backend_r2pilot/src/install/r2pilot_server/lib/python3.10/site-packages/r2pilot_server/ros
[0.420s] copying /home/user/backend_r2pilot/src/build/r2pilot_server/build/lib/r2pilot_server/ros/ros2_discovery.py -> /home/user/backend_r2pilot/src/install/r2pilot_server/lib/python3.10/site-packages/r2pilot_server/ros
[0.420s] copying /home/user/backend_r2pilot/src/build/r2pilot_server/build/lib/r2pilot_server/ros/__init__.py -> /home/user/backend_r2pilot/src/install/r2pilot_server/lib/python3.10/site-packages/r2pilot_server/ros
[0.420s] copying /home/user/backend_r2pilot/src/build/r2pilot_server/build/lib/r2pilot_server/ros/ros2_action_manager.py -> /home/user/backend_r2pilot/src/install/r2pilot_server/lib/python3.10/site-packages/r2pilot_server/ros
[0.420s] copying /home/user/backend_r2pilot/src/build/r2pilot_server/build/lib/r2pilot_server/ros/ros2_sensor_manager.py -> /home/user/backend_r2pilot/src/install/r2pilot_server/lib/python3.10/site-packages/r2pilot_server/ros
[0.420s] copying /home/user/backend_r2pilot/src/build/r2pilot_server/build/lib/r2pilot_server/ros/ros2_safety_node.py -> /home/user/backend_r2pilot/src/install/r2pilot_server/lib/python3.10/site-packages/r2pilot_server/ros
[0.420s] creating /home/user/backend_r2pilot/src/install/r2pilot_server/lib/python3.10/site-packages/r2pilot_server/utils
[0.420s] copying /home/user/backend_r2pilot/src/build/r2pilot_server/build/lib/r2pilot_server/utils/__init__.py -> /home/user/backend_r2pilot/src/install/r2pilot_server/lib/python3.10/site-packages/r2pilot_server/utils
[0.420s] copying /home/user/backend_r2pilot/src/build/r2pilot_server/build/lib/r2pilot_server/utils/constants.py -> /home/user/backend_r2pilot/src/install/r2pilot_server/lib/python3.10/site-packages/r2pilot_server/utils
[0.421s] creating /home/user/backend_r2pilot/src/install/r2pilot_server/lib/python3.10/site-packages/r2pilot_server/communication
[0.421s] copying /home/user/backend_r2pilot/src/build/r2pilot_server/build/lib/r2pilot_server/communication/__init__.py -> /home/user/backend_r2pilot/src/install/r2pilot_server/lib/python3.10/site-packages/r2pilot_server/communication
[0.421s] copying /home/user/backend_r2pilot/src/build/r2pilot_server/build/lib/r2pilot_server/communication/connection_manager.py -> /home/user/backend_r2pilot/src/install/r2pilot_server/lib/python3.10/site-packages/r2pilot_server/communication
[0.421s] copying /home/user/backend_r2pilot/src/build/r2pilot_server/build/lib/r2pilot_server/communication/websocket_server.py -> /home/user/backend_r2pilot/src/install/r2pilot_server/lib/python3.10/site-packages/r2pilot_server/communication
[0.421s] creating /home/user/backend_r2pilot/src/install/r2pilot_server/lib/python3.10/site-packages/r2pilot_server/core
[0.421s] copying /home/user/backend_r2pilot/src/build/r2pilot_server/build/lib/r2pilot_server/core/__init__.py -> /home/user/backend_r2pilot/src/install/r2pilot_server/lib/python3.10/site-packages/r2pilot_server/core
[0.421s] copying /home/user/backend_r2pilot/src/build/r2pilot_server/build/lib/r2pilot_server/core/director.py -> /home/user/backend_r2pilot/src/install/r2pilot_server/lib/python3.10/site-packages/r2pilot_server/core
[0.421s] copying /home/user/backend_r2pilot/src/build/r2pilot_server/build/lib/r2pilot_server/core/host_utils.py -> /home/user/backend_r2pilot/src/install/r2pilot_server/lib/python3.10/site-packages/r2pilot_server/core
[0.421s] copying /home/user/backend_r2pilot/src/build/r2pilot_server/build/lib/r2pilot_server/core/state_machine.py -> /home/user/backend_r2pilot/src/install/r2pilot_server/lib/python3.10/site-packages/r2pilot_server/core
[0.421s] byte-compiling /home/user/backend_r2pilot/src/install/r2pilot_server/lib/python3.10/site-packages/r2pilot_server/__init__.py to __init__.cpython-310.pyc
[0.421s] byte-compiling /home/user/backend_r2pilot/src/install/r2pilot_server/lib/python3.10/site-packages/r2pilot_server/protocol/message_codec.py to message_codec.cpython-310.pyc
[0.421s] byte-compiling /home/user/backend_r2pilot/src/install/r2pilot_server/lib/python3.10/site-packages/r2pilot_server/protocol/__init__.py to __init__.cpython-310.pyc
[0.421s] byte-compiling /home/user/backend_r2pilot/src/install/r2pilot_server/lib/python3.10/site-packages/r2pilot_server/protocol/models.py to models.cpython-310.pyc
[0.422s] byte-compiling /home/user/backend_r2pilot/src/install/r2pilot_server/lib/python3.10/site-packages/r2pilot_server/protocol/validator.py to validator.cpython-310.pyc
[0.422s] byte-compiling /home/user/backend_r2pilot/src/install/r2pilot_server/lib/python3.10/site-packages/r2pilot_server/main.py to main.cpython-310.pyc
[0.422s] byte-compiling /home/user/backend_r2pilot/src/install/r2pilot_server/lib/python3.10/site-packages/r2pilot_server/ros/ros2_control_manager.py to ros2_control_manager.cpython-310.pyc
[0.422s] byte-compiling /home/user/backend_r2pilot/src/install/r2pilot_server/lib/python3.10/site-packages/r2pilot_server/ros/ros2_node_gateway.py to ros2_node_gateway.cpython-310.pyc
[0.424s] byte-compiling /home/user/backend_r2pilot/src/install/r2pilot_server/lib/python3.10/site-packages/r2pilot_server/ros/ros2_discovery.py to ros2_discovery.cpython-310.pyc
[0.425s] byte-compiling /home/user/backend_r2pilot/src/install/r2pilot_server/lib/python3.10/site-packages/r2pilot_server/ros/__init__.py to __init__.cpython-310.pyc
[0.425s] byte-compiling /home/user/backend_r2pilot/src/install/r2pilot_server/lib/python3.10/site-packages/r2pilot_server/ros/ros2_action_manager.py to ros2_action_manager.cpython-310.pyc
[0.425s] byte-compiling /home/user/backend_r2pilot/src/install/r2pilot_server/lib/python3.10/site-packages/r2pilot_server/ros/ros2_sensor_manager.py to ros2_sensor_manager.cpython-310.pyc
[0.426s] byte-compiling /home/user/backend_r2pilot/src/install/r2pilot_server/lib/python3.10/site-packages/r2pilot_server/ros/ros2_safety_node.py to ros2_safety_node.cpython-310.pyc
[0.426s] byte-compiling /home/user/backend_r2pilot/src/install/r2pilot_server/lib/python3.10/site-packages/r2pilot_server/utils/__init__.py to __init__.cpython-310.pyc
[0.427s] byte-compiling /home/user/backend_r2pilot/src/install/r2pilot_server/lib/python3.10/site-packages/r2pilot_server/utils/constants.py to constants.cpython-310.pyc
[0.427s] byte-compiling /home/user/backend_r2pilot/src/install/r2pilot_server/lib/python3.10/site-packages/r2pilot_server/communication/__init__.py to __init__.cpython-310.pyc
[0.427s] byte-compiling /home/user/backend_r2pilot/src/install/r2pilot_server/lib/python3.10/site-packages/r2pilot_server/communication/connection_manager.py to connection_manager.cpython-310.pyc
[0.427s] byte-compiling /home/user/backend_r2pilot/src/install/r2pilot_server/lib/python3.10/site-packages/r2pilot_server/communication/websocket_server.py to websocket_server.cpython-310.pyc
[0.428s] byte-compiling /home/user/backend_r2pilot/src/install/r2pilot_server/lib/python3.10/site-packages/r2pilot_server/core/__init__.py to __init__.cpython-310.pyc
[0.428s] byte-compiling /home/user/backend_r2pilot/src/install/r2pilot_server/lib/python3.10/site-packages/r2pilot_server/core/director.py to director.cpython-310.pyc
[0.429s] byte-compiling /home/user/backend_r2pilot/src/install/r2pilot_server/lib/python3.10/site-packages/r2pilot_server/core/host_utils.py to host_utils.cpython-310.pyc
[0.430s] byte-compiling /home/user/backend_r2pilot/src/install/r2pilot_server/lib/python3.10/site-packages/r2pilot_server/core/state_machine.py to state_machine.cpython-310.pyc
[0.430s] running install_data
[0.431s] creating /home/user/backend_r2pilot/src/install/r2pilot_server/share/ament_index
[0.431s] creating /home/user/backend_r2pilot/src/install/r2pilot_server/share/ament_index/resource_index
[0.431s] creating /home/user/backend_r2pilot/src/install/r2pilot_server/share/ament_index/resource_index/packages
[0.431s] copying resource/r2pilot_server -> /home/user/backend_r2pilot/src/install/r2pilot_server/share/ament_index/resource_index/packages
[0.431s] copying package.xml -> /home/user/backend_r2pilot/src/install/r2pilot_server/share/r2pilot_server
[0.431s] creating /home/user/backend_r2pilot/src/install/r2pilot_server/share/r2pilot_server/launch
[0.431s] copying launch/backend.launch.py -> /home/user/backend_r2pilot/src/install/r2pilot_server/share/r2pilot_server/launch
[0.431s] running install_egg_info
[0.431s] Copying ../build/r2pilot_server/r2pilot_server.egg-info to /home/user/backend_r2pilot/src/install/r2pilot_server/lib/python3.10/site-packages/r2pilot_server-1.0.0-py3.10.egg-info
[0.432s] running install_scripts
[0.440s] Installing server_node script to /home/user/backend_r2pilot/src/install/r2pilot_server/lib/r2pilot_server
[0.441s] writing list of installed files to '/home/user/backend_r2pilot/src/build/r2pilot_server/install.log'
[0.450s] Invoked command in '/home/user/backend_r2pilot/src/r2pilot_server' returned '0': PYTHONPATH=/home/user/backend_r2pilot/src/build/r2pilot_server/prefix_override:/usr/lib/python3/dist-packages/colcon_core/task/python/colcon_distutils_commands:/home/user/backend_r2pilot/src/install/r2pilot_server/lib/python3.10/site-packages:${PYTHONPATH} /usr/bin/python3 -W ignore:setup.py install is deprecated -W ignore:easy_install command is deprecated setup.py egg_info --egg-base ../build/r2pilot_server build --build-base /home/user/backend_r2pilot/src/build/r2pilot_server/build install --record /home/user/backend_r2pilot/src/build/r2pilot_server/install.log --single-version-externally-managed install_data
