running egg_info
writing build/app_tiago/app_tiago.egg-info/PKG-INFO
writing dependency_links to build/app_tiago/app_tiago.egg-info/dependency_links.txt
writing entry points to build/app_tiago/app_tiago.egg-info/entry_points.txt
writing requirements to build/app_tiago/app_tiago.egg-info/requires.txt
writing top-level names to build/app_tiago/app_tiago.egg-info/top_level.txt
reading manifest file 'build/app_tiago/app_tiago.egg-info/SOURCES.txt'
adding license file 'LICENSE'
writing manifest file 'build/app_tiago/app_tiago.egg-info/SOURCES.txt'
running build
running build_py
copying app_tiago/main.py -> /home/user/backend_app_tiago/src/app_tiago/build/app_tiago/build/lib/app_tiago
copying app_tiago/utils/constants.py -> /home/user/backend_app_tiago/src/app_tiago/build/app_tiago/build/lib/app_tiago/utils
copying app_tiago/core/router.py -> /home/user/backend_app_tiago/src/app_tiago/build/app_tiago/build/lib/app_tiago/core
copying app_tiago/core/state_machine.py -> /home/user/backend_app_tiago/src/app_tiago/build/app_tiago/build/lib/app_tiago/core
copying app_tiago/ros/ros2_node_gateway.py -> /home/user/backend_app_tiago/src/app_tiago/build/app_tiago/build/lib/app_tiago/ros
copying app_tiago/ros/ros2_core_node.py -> /home/user/backend_app_tiago/src/app_tiago/build/app_tiago/build/lib/app_tiago/ros
copying app_tiago/protocol/json_translator.py -> /home/user/backend_app_tiago/src/app_tiago/build/app_tiago/build/lib/app_tiago/protocol
copying app_tiago/protocol/models.py -> /home/user/backend_app_tiago/src/app_tiago/build/app_tiago/build/lib/app_tiago/protocol
copying app_tiago/protocol/json_schema.json -> /home/user/backend_app_tiago/src/app_tiago/build/app_tiago/build/lib/app_tiago/protocol
running install
running install_lib
copying /home/user/backend_app_tiago/src/app_tiago/build/app_tiago/build/lib/app_tiago/main.py -> /home/user/backend_app_tiago/src/app_tiago/install/app_tiago/lib/python3.10/site-packages/app_tiago
copying /home/user/backend_app_tiago/src/app_tiago/build/app_tiago/build/lib/app_tiago/utils/constants.py -> /home/user/backend_app_tiago/src/app_tiago/install/app_tiago/lib/python3.10/site-packages/app_tiago/utils
copying /home/user/backend_app_tiago/src/app_tiago/build/app_tiago/build/lib/app_tiago/core/router.py -> /home/user/backend_app_tiago/src/app_tiago/install/app_tiago/lib/python3.10/site-packages/app_tiago/core
copying /home/user/backend_app_tiago/src/app_tiago/build/app_tiago/build/lib/app_tiago/core/state_machine.py -> /home/user/backend_app_tiago/src/app_tiago/install/app_tiago/lib/python3.10/site-packages/app_tiago/core
copying /home/user/backend_app_tiago/src/app_tiago/build/app_tiago/build/lib/app_tiago/ros/ros2_node_gateway.py -> /home/user/backend_app_tiago/src/app_tiago/install/app_tiago/lib/python3.10/site-packages/app_tiago/ros
copying /home/user/backend_app_tiago/src/app_tiago/build/app_tiago/build/lib/app_tiago/ros/ros2_core_node.py -> /home/user/backend_app_tiago/src/app_tiago/install/app_tiago/lib/python3.10/site-packages/app_tiago/ros
copying /home/user/backend_app_tiago/src/app_tiago/build/app_tiago/build/lib/app_tiago/protocol/json_schema.json -> /home/user/backend_app_tiago/src/app_tiago/install/app_tiago/lib/python3.10/site-packages/app_tiago/protocol
copying /home/user/backend_app_tiago/src/app_tiago/build/app_tiago/build/lib/app_tiago/protocol/models.py -> /home/user/backend_app_tiago/src/app_tiago/install/app_tiago/lib/python3.10/site-packages/app_tiago/protocol
copying /home/user/backend_app_tiago/src/app_tiago/build/app_tiago/build/lib/app_tiago/protocol/json_translator.py -> /home/user/backend_app_tiago/src/app_tiago/install/app_tiago/lib/python3.10/site-packages/app_tiago/protocol
byte-compiling /home/user/backend_app_tiago/src/app_tiago/install/app_tiago/lib/python3.10/site-packages/app_tiago/main.py to main.cpython-310.pyc
byte-compiling /home/user/backend_app_tiago/src/app_tiago/install/app_tiago/lib/python3.10/site-packages/app_tiago/utils/constants.py to constants.cpython-310.pyc
byte-compiling /home/user/backend_app_tiago/src/app_tiago/install/app_tiago/lib/python3.10/site-packages/app_tiago/core/router.py to router.cpython-310.pyc
byte-compiling /home/user/backend_app_tiago/src/app_tiago/install/app_tiago/lib/python3.10/site-packages/app_tiago/core/state_machine.py to state_machine.cpython-310.pyc
byte-compiling /home/user/backend_app_tiago/src/app_tiago/install/app_tiago/lib/python3.10/site-packages/app_tiago/ros/ros2_node_gateway.py to ros2_node_gateway.cpython-310.pyc
byte-compiling /home/user/backend_app_tiago/src/app_tiago/install/app_tiago/lib/python3.10/site-packages/app_tiago/ros/ros2_core_node.py to ros2_core_node.cpython-310.pyc
byte-compiling /home/user/backend_app_tiago/src/app_tiago/install/app_tiago/lib/python3.10/site-packages/app_tiago/protocol/models.py to models.cpython-310.pyc
byte-compiling /home/user/backend_app_tiago/src/app_tiago/install/app_tiago/lib/python3.10/site-packages/app_tiago/protocol/json_translator.py to json_translator.cpython-310.pyc
running install_data
copying launch/backend.launch.py -> /home/user/backend_app_tiago/src/app_tiago/install/app_tiago/share/app_tiago/launch
running install_egg_info
removing '/home/user/backend_app_tiago/src/app_tiago/install/app_tiago/lib/python3.10/site-packages/app_tiago-0.0.0-py3.10.egg-info' (and everything under it)
Copying build/app_tiago/app_tiago.egg-info to /home/user/backend_app_tiago/src/app_tiago/install/app_tiago/lib/python3.10/site-packages/app_tiago-0.0.0-py3.10.egg-info
running install_scripts
Installing server_node script to /home/user/backend_app_tiago/src/app_tiago/install/app_tiago/lib/app_tiago
writing list of installed files to '/home/user/backend_app_tiago/src/app_tiago/build/app_tiago/install.log'
