[0.512s] Invoking command in '/home/user/backend_app_tiago/src/app_tiago': PYTHONPATH=/home/user/backend_app_tiago/src/app_tiago/build/app_tiago/prefix_override:/usr/lib/python3/dist-packages/colcon_core/task/python/colcon_distutils_commands:/home/user/backend_app_tiago/src/app_tiago/install/app_tiago/lib/python3.10/site-packages:${PYTHONPATH} /usr/bin/python3 -W ignore:setup.py install is deprecated -W ignore:easy_install command is deprecated setup.py egg_info --egg-base build/app_tiago build --build-base /home/user/backend_app_tiago/src/app_tiago/build/app_tiago/build install --record /home/user/backend_app_tiago/src/app_tiago/build/app_tiago/install.log --single-version-externally-managed install_data
[0.663s] running egg_info
[0.663s] writing build/app_tiago/app_tiago.egg-info/PKG-INFO
[0.663s] writing dependency_links to build/app_tiago/app_tiago.egg-info/dependency_links.txt
[0.663s] writing entry points to build/app_tiago/app_tiago.egg-info/entry_points.txt
[0.663s] writing requirements to build/app_tiago/app_tiago.egg-info/requires.txt
[0.663s] writing top-level names to build/app_tiago/app_tiago.egg-info/top_level.txt
[0.665s] reading manifest file 'build/app_tiago/app_tiago.egg-info/SOURCES.txt'
[0.672s] adding license file 'LICENSE'
[0.672s] writing manifest file 'build/app_tiago/app_tiago.egg-info/SOURCES.txt'
[0.672s] running build
[0.672s] running build_py
[0.673s] copying app_tiago/main.py -> /home/user/backend_app_tiago/src/app_tiago/build/app_tiago/build/lib/app_tiago
[0.673s] copying app_tiago/utils/constants.py -> /home/user/backend_app_tiago/src/app_tiago/build/app_tiago/build/lib/app_tiago/utils
[0.673s] copying app_tiago/core/router.py -> /home/user/backend_app_tiago/src/app_tiago/build/app_tiago/build/lib/app_tiago/core
[0.673s] copying app_tiago/core/state_machine.py -> /home/user/backend_app_tiago/src/app_tiago/build/app_tiago/build/lib/app_tiago/core
[0.673s] copying app_tiago/ros/ros2_node_gateway.py -> /home/user/backend_app_tiago/src/app_tiago/build/app_tiago/build/lib/app_tiago/ros
[0.673s] copying app_tiago/ros/ros2_core_node.py -> /home/user/backend_app_tiago/src/app_tiago/build/app_tiago/build/lib/app_tiago/ros
[0.673s] copying app_tiago/protocol/json_translator.py -> /home/user/backend_app_tiago/src/app_tiago/build/app_tiago/build/lib/app_tiago/protocol
[0.674s] copying app_tiago/protocol/models.py -> /home/user/backend_app_tiago/src/app_tiago/build/app_tiago/build/lib/app_tiago/protocol
[0.674s] copying app_tiago/protocol/json_schema.json -> /home/user/backend_app_tiago/src/app_tiago/build/app_tiago/build/lib/app_tiago/protocol
[0.674s] running install
[0.674s] running install_lib
[0.675s] copying /home/user/backend_app_tiago/src/app_tiago/build/app_tiago/build/lib/app_tiago/main.py -> /home/user/backend_app_tiago/src/app_tiago/install/app_tiago/lib/python3.10/site-packages/app_tiago
[0.675s] copying /home/user/backend_app_tiago/src/app_tiago/build/app_tiago/build/lib/app_tiago/utils/constants.py -> /home/user/backend_app_tiago/src/app_tiago/install/app_tiago/lib/python3.10/site-packages/app_tiago/utils
[0.675s] copying /home/user/backend_app_tiago/src/app_tiago/build/app_tiago/build/lib/app_tiago/core/router.py -> /home/user/backend_app_tiago/src/app_tiago/install/app_tiago/lib/python3.10/site-packages/app_tiago/core
[0.675s] copying /home/user/backend_app_tiago/src/app_tiago/build/app_tiago/build/lib/app_tiago/core/state_machine.py -> /home/user/backend_app_tiago/src/app_tiago/install/app_tiago/lib/python3.10/site-packages/app_tiago/core
[0.675s] copying /home/user/backend_app_tiago/src/app_tiago/build/app_tiago/build/lib/app_tiago/ros/ros2_node_gateway.py -> /home/user/backend_app_tiago/src/app_tiago/install/app_tiago/lib/python3.10/site-packages/app_tiago/ros
[0.675s] copying /home/user/backend_app_tiago/src/app_tiago/build/app_tiago/build/lib/app_tiago/ros/ros2_core_node.py -> /home/user/backend_app_tiago/src/app_tiago/install/app_tiago/lib/python3.10/site-packages/app_tiago/ros
[0.675s] copying /home/user/backend_app_tiago/src/app_tiago/build/app_tiago/build/lib/app_tiago/protocol/json_schema.json -> /home/user/backend_app_tiago/src/app_tiago/install/app_tiago/lib/python3.10/site-packages/app_tiago/protocol
[0.676s] copying /home/user/backend_app_tiago/src/app_tiago/build/app_tiago/build/lib/app_tiago/protocol/models.py -> /home/user/backend_app_tiago/src/app_tiago/install/app_tiago/lib/python3.10/site-packages/app_tiago/protocol
[0.676s] copying /home/user/backend_app_tiago/src/app_tiago/build/app_tiago/build/lib/app_tiago/protocol/json_translator.py -> /home/user/backend_app_tiago/src/app_tiago/install/app_tiago/lib/python3.10/site-packages/app_tiago/protocol
[0.676s] byte-compiling /home/user/backend_app_tiago/src/app_tiago/install/app_tiago/lib/python3.10/site-packages/app_tiago/main.py to main.cpython-310.pyc
[0.676s] byte-compiling /home/user/backend_app_tiago/src/app_tiago/install/app_tiago/lib/python3.10/site-packages/app_tiago/utils/constants.py to constants.cpython-310.pyc
[0.677s] byte-compiling /home/user/backend_app_tiago/src/app_tiago/install/app_tiago/lib/python3.10/site-packages/app_tiago/core/router.py to router.cpython-310.pyc
[0.680s] byte-compiling /home/user/backend_app_tiago/src/app_tiago/install/app_tiago/lib/python3.10/site-packages/app_tiago/core/state_machine.py to state_machine.cpython-310.pyc
[0.681s] byte-compiling /home/user/backend_app_tiago/src/app_tiago/install/app_tiago/lib/python3.10/site-packages/app_tiago/ros/ros2_node_gateway.py to ros2_node_gateway.cpython-310.pyc
[0.686s] byte-compiling /home/user/backend_app_tiago/src/app_tiago/install/app_tiago/lib/python3.10/site-packages/app_tiago/ros/ros2_core_node.py to ros2_core_node.cpython-310.pyc
[0.686s] byte-compiling /home/user/backend_app_tiago/src/app_tiago/install/app_tiago/lib/python3.10/site-packages/app_tiago/protocol/models.py to models.cpython-310.pyc
[0.687s] byte-compiling /home/user/backend_app_tiago/src/app_tiago/install/app_tiago/lib/python3.10/site-packages/app_tiago/protocol/json_translator.py to json_translator.cpython-310.pyc
[0.687s] running install_data
[0.687s] copying launch/backend.launch.py -> /home/user/backend_app_tiago/src/app_tiago/install/app_tiago/share/app_tiago/launch
[0.688s] running install_egg_info
[0.689s] removing '/home/user/backend_app_tiago/src/app_tiago/install/app_tiago/lib/python3.10/site-packages/app_tiago-0.0.0-py3.10.egg-info' (and everything under it)
[0.689s] Copying build/app_tiago/app_tiago.egg-info to /home/user/backend_app_tiago/src/app_tiago/install/app_tiago/lib/python3.10/site-packages/app_tiago-0.0.0-py3.10.egg-info
[0.690s] running install_scripts
[0.702s] Installing server_node script to /home/user/backend_app_tiago/src/app_tiago/install/app_tiago/lib/app_tiago
[0.702s] writing list of installed files to '/home/user/backend_app_tiago/src/app_tiago/build/app_tiago/install.log'
[0.716s] Invoked command in '/home/user/backend_app_tiago/src/app_tiago' returned '0': PYTHONPATH=/home/user/backend_app_tiago/src/app_tiago/build/app_tiago/prefix_override:/usr/lib/python3/dist-packages/colcon_core/task/python/colcon_distutils_commands:/home/user/backend_app_tiago/src/app_tiago/install/app_tiago/lib/python3.10/site-packages:${PYTHONPATH} /usr/bin/python3 -W ignore:setup.py install is deprecated -W ignore:easy_install command is deprecated setup.py egg_info --egg-base build/app_tiago build --build-base /home/user/backend_app_tiago/src/app_tiago/build/app_tiago/build install --record /home/user/backend_app_tiago/src/app_tiago/build/app_tiago/install.log --single-version-externally-managed install_data
