/home/user/backend_r2pilot/src/install/r2pilot_server/lib/python3.10/site-packages/r2pilot_server/__init__.py
/home/user/backend_r2pilot/src/install/r2pilot_server/lib/python3.10/site-packages/r2pilot_server/main.py
/home/user/backend_r2pilot/src/install/r2pilot_server/lib/python3.10/site-packages/r2pilot_server/protocol/message_codec.py
/home/user/backend_r2pilot/src/install/r2pilot_server/lib/python3.10/site-packages/r2pilot_server/protocol/__init__.py
/home/user/backend_r2pilot/src/install/r2pilot_server/lib/python3.10/site-packages/r2pilot_server/protocol/models.py
/home/user/backend_r2pilot/src/install/r2pilot_server/lib/python3.10/site-packages/r2pilot_server/protocol/validator.py
/home/user/backend_r2pilot/src/install/r2pilot_server/lib/python3.10/site-packages/r2pilot_server/ros/ros2_control_manager.py
/home/user/backend_r2pilot/src/install/r2pilot_server/lib/python3.10/site-packages/r2pilot_server/ros/ros2_node_gateway.py
/home/user/backend_r2pilot/src/install/r2pilot_server/lib/python3.10/site-packages/r2pilot_server/ros/ros2_discovery.py
/home/user/backend_r2pilot/src/install/r2pilot_server/lib/python3.10/site-packages/r2pilot_server/ros/__init__.py
/home/user/backend_r2pilot/src/install/r2pilot_server/lib/python3.10/site-packages/r2pilot_server/ros/ros2_action_manager.py
/home/user/backend_r2pilot/src/install/r2pilot_server/lib/python3.10/site-packages/r2pilot_server/ros/ros2_sensor_manager.py
/home/user/backend_r2pilot/src/install/r2pilot_server/lib/python3.10/site-packages/r2pilot_server/ros/ros2_safety_node.py
/home/user/backend_r2pilot/src/install/r2pilot_server/lib/python3.10/site-packages/r2pilot_server/utils/__init__.py
/home/user/backend_r2pilot/src/install/r2pilot_server/lib/python3.10/site-packages/r2pilot_server/utils/constants.py
/home/user/backend_r2pilot/src/install/r2pilot_server/lib/python3.10/site-packages/r2pilot_server/communication/__init__.py
/home/user/backend_r2pilot/src/install/r2pilot_server/lib/python3.10/site-packages/r2pilot_server/communication/connection_manager.py
/home/user/backend_r2pilot/src/install/r2pilot_server/lib/python3.10/site-packages/r2pilot_server/communication/websocket_server.py
/home/user/backend_r2pilot/src/install/r2pilot_server/lib/python3.10/site-packages/r2pilot_server/core/__init__.py
/home/user/backend_r2pilot/src/install/r2pilot_server/lib/python3.10/site-packages/r2pilot_server/core/director.py
/home/user/backend_r2pilot/src/install/r2pilot_server/lib/python3.10/site-packages/r2pilot_server/core/host_utils.py
/home/user/backend_r2pilot/src/install/r2pilot_server/lib/python3.10/site-packages/r2pilot_server/core/state_machine.py
/home/user/backend_r2pilot/src/install/r2pilot_server/lib/python3.10/site-packages/r2pilot_server/protocol/json_schema.json
/home/user/backend_r2pilot/src/install/r2pilot_server/lib/python3.10/site-packages/r2pilot_server/__pycache__/__init__.cpython-310.pyc
/home/user/backend_r2pilot/src/install/r2pilot_server/lib/python3.10/site-packages/r2pilot_server/__pycache__/main.cpython-310.pyc
/home/user/backend_r2pilot/src/install/r2pilot_server/lib/python3.10/site-packages/r2pilot_server/protocol/__pycache__/message_codec.cpython-310.pyc
/home/user/backend_r2pilot/src/install/r2pilot_server/lib/python3.10/site-packages/r2pilot_server/protocol/__pycache__/__init__.cpython-310.pyc
/home/user/backend_r2pilot/src/install/r2pilot_server/lib/python3.10/site-packages/r2pilot_server/protocol/__pycache__/models.cpython-310.pyc
/home/user/backend_r2pilot/src/install/r2pilot_server/lib/python3.10/site-packages/r2pilot_server/protocol/__pycache__/validator.cpython-310.pyc
/home/user/backend_r2pilot/src/install/r2pilot_server/lib/python3.10/site-packages/r2pilot_server/ros/__pycache__/ros2_control_manager.cpython-310.pyc
/home/user/backend_r2pilot/src/install/r2pilot_server/lib/python3.10/site-packages/r2pilot_server/ros/__pycache__/ros2_node_gateway.cpython-310.pyc
/home/user/backend_r2pilot/src/install/r2pilot_server/lib/python3.10/site-packages/r2pilot_server/ros/__pycache__/ros2_discovery.cpython-310.pyc
/home/user/backend_r2pilot/src/install/r2pilot_server/lib/python3.10/site-packages/r2pilot_server/ros/__pycache__/__init__.cpython-310.pyc
/home/user/backend_r2pilot/src/install/r2pilot_server/lib/python3.10/site-packages/r2pilot_server/ros/__pycache__/ros2_action_manager.cpython-310.pyc
/home/user/backend_r2pilot/src/install/r2pilot_server/lib/python3.10/site-packages/r2pilot_server/ros/__pycache__/ros2_sensor_manager.cpython-310.pyc
/home/user/backend_r2pilot/src/install/r2pilot_server/lib/python3.10/site-packages/r2pilot_server/ros/__pycache__/ros2_safety_node.cpython-310.pyc
/home/user/backend_r2pilot/src/install/r2pilot_server/lib/python3.10/site-packages/r2pilot_server/utils/__pycache__/__init__.cpython-310.pyc
/home/user/backend_r2pilot/src/install/r2pilot_server/lib/python3.10/site-packages/r2pilot_server/utils/__pycache__/constants.cpython-310.pyc
/home/user/backend_r2pilot/src/install/r2pilot_server/lib/python3.10/site-packages/r2pilot_server/communication/__pycache__/__init__.cpython-310.pyc
/home/user/backend_r2pilot/src/install/r2pilot_server/lib/python3.10/site-packages/r2pilot_server/communication/__pycache__/connection_manager.cpython-310.pyc
/home/user/backend_r2pilot/src/install/r2pilot_server/lib/python3.10/site-packages/r2pilot_server/communication/__pycache__/websocket_server.cpython-310.pyc
/home/user/backend_r2pilot/src/install/r2pilot_server/lib/python3.10/site-packages/r2pilot_server/core/__pycache__/__init__.cpython-310.pyc
/home/user/backend_r2pilot/src/install/r2pilot_server/lib/python3.10/site-packages/r2pilot_server/core/__pycache__/director.cpython-310.pyc
/home/user/backend_r2pilot/src/install/r2pilot_server/lib/python3.10/site-packages/r2pilot_server/core/__pycache__/host_utils.cpython-310.pyc
/home/user/backend_r2pilot/src/install/r2pilot_server/lib/python3.10/site-packages/r2pilot_server/core/__pycache__/state_machine.cpython-310.pyc
/home/user/backend_r2pilot/src/install/r2pilot_server/share/ament_index/resource_index/packages/r2pilot_server
/home/user/backend_r2pilot/src/install/r2pilot_server/share/r2pilot_server/package.xml
/home/user/backend_r2pilot/src/install/r2pilot_server/share/r2pilot_server/launch/backend.launch.py
/home/user/backend_r2pilot/src/install/r2pilot_server/lib/python3.10/site-packages/r2pilot_server-1.0.0-py3.10.egg-info/SOURCES.txt
/home/user/backend_r2pilot/src/install/r2pilot_server/lib/python3.10/site-packages/r2pilot_server-1.0.0-py3.10.egg-info/top_level.txt
/home/user/backend_r2pilot/src/install/r2pilot_server/lib/python3.10/site-packages/r2pilot_server-1.0.0-py3.10.egg-info/dependency_links.txt
/home/user/backend_r2pilot/src/install/r2pilot_server/lib/python3.10/site-packages/r2pilot_server-1.0.0-py3.10.egg-info/entry_points.txt
/home/user/backend_r2pilot/src/install/r2pilot_server/lib/python3.10/site-packages/r2pilot_server-1.0.0-py3.10.egg-info/zip-safe
/home/user/backend_r2pilot/src/install/r2pilot_server/lib/python3.10/site-packages/r2pilot_server-1.0.0-py3.10.egg-info/requires.txt
/home/user/backend_r2pilot/src/install/r2pilot_server/lib/python3.10/site-packages/r2pilot_server-1.0.0-py3.10.egg-info/PKG-INFO
/home/user/backend_r2pilot/src/install/r2pilot_server/lib/r2pilot_server/server_node
